=== BULK APPEAL OUTCOME CORRELATOR ===

Phases to run: 1
Dry run: false, Apply mode: false

=== PHASE 1: Stream Citation-Map → Build Citing Map ===

Target clusters (all with cluster_id): 6718
Dumped cluster metadata: 0 jurisdictions, 6718 years

  1.0M rows, 999999 citations found (3s)
  2.0M rows, 1999999 citations found (8s)
  3.0M rows, 2999999 citations found (13s)
  4.0M rows, 3999999 citations found (18s)
  5.0M rows, 4999999 citations found (22s)
  6.0M rows, 5999999 citations found (27s)
  7.0M rows, 6999999 citations found (31s)
  8.0M rows, 7999999 citations found (36s)
  9.0M rows, 8999999 citations found (41s)
  10.0M rows, 9999999 citations found (45s)
  11.0M rows, 10999999 citations found (49s)
  12.0M rows, 11999999 citations found (56s)
  13.0M rows, 12999999 citations found (60s)
  14.0M rows, 13999999 citations found (65s)
  15.0M rows, 14999999 citations found (70s)
  16.0M rows, 15999999 citations found (75s)
  17.0M rows, 16999999 citations found (80s)
  18.0M rows, 17999999 citations found (84s)
  19.0M rows, 18999999 citations found (89s)
  20.0M rows, 19999999 citations found (94s)
  21.0M rows, 20999999 citations found (99s)
  22.0M rows, 21999999 citations found (104s)
  23.0M rows, 22999999 citations found (110s)
  24.0M rows, 23999999 citations found (115s)
  25.0M rows, 24999999 citations found (120s)
  26.0M rows, 25999999 citations found (126s)
  27.0M rows, 26999999 citations found (131s)
  28.0M rows, 27999999 citations found (136s)
  29.0M rows, 28999999 citations found (142s)
  30.0M rows, 29999999 citations found (147s)
  31.0M rows, 30999999 citations found (152s)
  32.0M rows, 31999999 citations found (161s)
  33.0M rows, 32999999 citations found (167s)
  34.0M rows, 33999999 citations found (172s)
  35.0M rows, 34999999 citations found (178s)
  36.0M rows, 35999999 citations found (192s)
  37.0M rows, 36999999 citations found (198s)
  38.0M rows, 37999999 citations found (203s)
  39.0M rows, 38999999 citations found (208s)
  40.0M rows, 39999999 citations found (213s)
  41.0M rows, 40999999 citations found (218s)
  42.0M rows, 41999999 citations found (222s)
  43.0M rows, 42999999 citations found (227s)
  44.0M rows, 43999999 citations found (232s)
  45.0M rows, 44999999 citations found (238s)
  46.0M rows, 45999999 citations found (243s)
  47.0M rows, 46999999 citations found (248s)
  48.0M rows, 47999999 citations found (254s)
  49.0M rows, 48999999 citations found (259s)
  50.0M rows, 49999999 citations found (264s)
  51.0M rows, 50999999 citations found (270s)
  52.0M rows, 51999999 citations found (275s)
  53.0M rows, 52999999 citations found (280s)
  54.0M rows, 53999999 citations found (285s)
  55.0M rows, 54999999 citations found (290s)
  56.0M rows, 55999999 citations found (310s)
  57.0M rows, 56999999 citations found (316s)
  58.0M rows, 57999999 citations found (322s)
  59.0M rows, 58999999 citations found (327s)
  60.0M rows, 59999999 citations found (348s)
  61.0M rows, 60999999 citations found (354s)
  62.0M rows, 61999999 citations found (359s)
  63.0M rows, 62999999 citations found (365s)
  64.0M rows, 63999999 citations found (370s)
  65.0M rows, 64999999 citations found (376s)
  66.0M rows, 65999999 citations found (381s)
  67.0M rows, 66999999 citations found (387s)
  68.0M rows, 67999999 citations found (393s)
  69.0M rows, 68999999 citations found (399s)
  70.0M rows, 69999999 citations found (405s)
  71.0M rows, 70999999 citations found (411s)
  72.0M rows, 71999999 citations found (416s)
  73.0M rows, 72999999 citations found (423s)
  74.0M rows, 73999999 citations found (429s)
  75.0M rows, 74999999 citations found (454s)
  76.0M rows, 75999999 citations found (459s)

Stream complete: 76959991 rows in 7.7 min
Unique cited opinions: 4513529
Total citations: 76959991
(node:12916) MaxListenersExceededWarning: Possible EventEmitter memory leak detected. 11 error listeners added to [WriteStream]. MaxListeners is 10. Use emitter.setMaxListeners() to increase limit
(Use `node --trace-warnings ...` to show where the warning was created)
  Wrote 100 batches (1.0M IDs)
  Wrote 200 batches (2.0M IDs)
  Wrote 300 batches (3.0M IDs)
  Wrote 400 batches (4.0M IDs)
  Wrote 500 batches (5.0M IDs)
  Wrote 600 batches (6.0M IDs)
  Wrote 700 batches (7.0M IDs)
  Wrote 800 batches (8.0M IDs)
  Wrote 900 batches (9.0M IDs)
  Wrote 1000 batches (10.0M IDs)
  Wrote 1100 batches (11.0M IDs)
  Wrote 1200 batches (12.0M IDs)
  Wrote 1300 batches (13.0M IDs)
  Wrote 1400 batches (14.0M IDs)
  Wrote 1500 batches (15.0M IDs)
  Wrote 1600 batches (16.0M IDs)
  Wrote 1700 batches (17.0M IDs)
  Wrote 1800 batches (18.0M IDs)
  Wrote 1900 batches (19.0M IDs)
  Wrote 2000 batches (20.0M IDs)
  Wrote 2100 batches (21.0M IDs)
  Wrote 2200 batches (22.0M IDs)
  Wrote 2300 batches (23.0M IDs)
  Wrote 2400 batches (24.0M IDs)
  Wrote 2500 batches (25.0M IDs)
  Wrote 2600 batches (26.0M IDs)
  Wrote 2700 batches (27.0M IDs)
  Wrote 2800 batches (28.0M IDs)
  Wrote 2900 batches (29.0M IDs)
  Wrote 3000 batches (30.0M IDs)
  Wrote 3100 batches (31.0M IDs)
  Wrote 3200 batches (32.0M IDs)
  Wrote 3300 batches (33.0M IDs)
  Wrote 3400 batches (34.0M IDs)
  Wrote 3500 batches (35.0M IDs)
  Wrote 3600 batches (36.0M IDs)
  Wrote 3700 batches (37.0M IDs)
  Wrote 3800 batches (38.0M IDs)
  Wrote 3900 batches (39.0M IDs)
  Wrote 4000 batches (40.0M IDs)
  Wrote 4100 batches (41.0M IDs)
  Wrote 4200 batches (42.0M IDs)
  Wrote 4300 batches (43.0M IDs)
  Wrote 4400 batches (44.0M IDs)
  Wrote 4500 batches (45.0M IDs)
  Wrote 4600 batches (46.0M IDs)
  Wrote 4700 batches (47.0M IDs)
  Wrote 4800 batches (48.0M IDs)
  Wrote 4900 batches (49.0M IDs)
  Wrote 5000 batches (50.0M IDs)
  Wrote 5100 batches (51.0M IDs)
  Wrote 5200 batches (52.0M IDs)
  Wrote 5300 batches (53.0M IDs)
  Wrote 5400 batches (54.0M IDs)
  Wrote 5500 batches (55.0M IDs)
  Wrote 5600 batches (56.0M IDs)
  Wrote 5700 batches (57.0M IDs)
  Wrote 5800 batches (58.0M IDs)
  Wrote 5900 batches (59.0M IDs)
  Wrote 6000 batches (60.0M IDs)
  Wrote 6100 batches (61.0M IDs)
  Wrote 6200 batches (62.0M IDs)
  Wrote 6300 batches (63.0M IDs)
  Wrote 6400 batches (64.0M IDs)
  Wrote 6500 batches (65.0M IDs)
  Wrote 6600 batches (66.0M IDs)
  Wrote 6700 batches (67.0M IDs)
  Wrote 6800 batches (68.0M IDs)
  Wrote 6900 batches (69.0M IDs)
  Wrote 7000 batches (70.0M IDs)
  Wrote 7100 batches (71.0M IDs)
  Wrote 7200 batches (72.0M IDs)
  Wrote 7300 batches (73.0M IDs)
  Wrote 7400 batches (74.0M IDs)
  Wrote 7500 batches (75.0M IDs)
  Wrote 7600 batches (76.0M IDs)

Saved Phase 1 output: C:\Users\email\projects\ImNotAnAttorney-web\data\bulk-verify\good-law-graph\appeal-citing-map.json
  7696 batches, 76959991 citing IDs


=== COMPLETE ===
