=== BULK MASTER EXTRACTOR — Single-Pass 8-Table Processor ===

Enabled tables: judge_prosecutor_pairings, bench_jury_divergence
Mode: GENERATE + APPLY
Limit: none

Loading dump file...
Loading jurisdiction_statutes resolver...
Loaded 4699 jurisdiction_statute rows

Target clusters: 6718
Clusters with resolved jurisdiction: 6718

Loading judge profiles...
Loaded 997 judges

=== PHASE 0: Citation-Map Loading ===
  appellate_trends not in --tables, skipping Phase 0.

Phase 0 complete: 0s

=== PHASE 1: Streaming Opinions CSV ===
  Using pre-filtered CSV: C:\Users\email\projects\ImNotAnAttorney-web\data\bulk-verify\cl-bulk\opinions-filtered.csv
  (1064.2 MB — will complete in seconds)


  Stream complete: 10839 rows in 0.8 min
  Clusters matched: 10731
Phase 1 complete: 0.8 min

=== EXTRACTION SUMMARY ===
  judge_quotes:              0 quotes
  sentencing_distributions:  0 opinions with sentence data (0 groups)
  officer_reliability:       0 opinions with officer data (0 officers)
  judge_prosecutor_pairings: 94 opinions with pairings (378 unique pairings)
  bench_jury_divergence:     0 classified (0 judge-charge groups)
  co_defendant_analysis:     0 divergences found
  plea_discount_curves:      0 opinions classified (0 groups)
  appellate_trends:          0 appeal opinions classified

=== PHASE 2: SQL Generation ===
  judge_prosecutor_pairings: 205 INSERTs (sample >= 2)
  bench_jury_divergence: 0 INSERTs + 0 judge_profiles UPDATEs (bench >= 2 AND jury >= 2)

Saved SQL files to: C:\Users\email\projects\ImNotAnAttorney-web\data\bulk-verify\master-extractor-updates
Total statements: 205

=== PHASE 3: Applying to Supabase ===

  --- Applying judge_prosecutor_pairings: 205 statements ---
    Batch 1: SQL 400: {"message":"Failed to run sql query: ERROR:  22P02: invalid input syntax for type uuid: \"5739\"\nLINE 1: INSERT INTO judge_prosecutor_pairings (judge_id, prosecutor_name, motion_type, grant_
    judge_prosecutor_pairings complete: applied=0 errors=1

=== APPLY COMPLETE ===
Total apply time: 0.0 min

=== TOTAL TIME: 0.8 min ===
