=== BULK EXTRACT MOTION TYPES + LEGAL ISSUES (csv-parse) ===

Target clusters (all with cluster_id): 6718
  [mem post-dump] rss=330MB heap=255/288MB external=2MB
Streaming opinions CSV through bzcat + csv-parse (escape: \\)...
Using: C:\Program Files\Git\usr\bin\bzcat.exe

  0.5M rows, 149 matched, 117 extracted (957s)
  [mem 0.5M] rss=92MB heap=9/39MB external=15MB
  1.0M rows, 538 matched, 463 extracted (1760s)
  [mem 1.0M] rss=111MB heap=13/41MB external=20MB
  500 extractions...
  1000 extractions...
  1.5M rows, 1193 matched, 1008 extracted (2752s)
  [mem 1.5M] rss=107MB heap=12/40MB external=18MB
  2.0M rows, 1366 matched, 1140 extracted (3313s)
  [mem 2.0M] rss=81MB heap=10/24MB external=16MB
  2.5M rows, 1636 matched, 1301 extracted (3868s)
  [mem 2.5M] rss=101MB heap=21/43MB external=25MB
  3.0M rows, 1966 matched, 1454 extracted (4623s)
  [mem 3.0M] rss=101MB heap=7/40MB external=13MB
  1500 extractions...
  3.5M rows, 2278 matched, 1653 extracted (5866s)
  [mem 3.5M] rss=105MB heap=21/40MB external=26MB
  2000 extractions...
  4.0M rows, 3226 matched, 2166 extracted (7025s)
  [mem 4.0M] rss=105MB heap=9/41MB external=14MB
  2500 extractions...
  4.5M rows, 4306 matched, 2530 extracted (7677s)
  [mem 4.5M] rss=111MB heap=13/41MB external=18MB
  5.0M rows, 4568 matched, 2618 extracted (8054s)
  [mem 5.0M] rss=100MB heap=14/41MB external=17MB
  5.5M rows, 4800 matched, 2701 extracted (8349s)
  [mem 5.5M] rss=100MB heap=19/42MB external=22MB
  6.0M rows, 4993 matched, 2806 extracted (8764s)
  [mem 6.0M] rss=105MB heap=10/40MB external=15MB
  3000 extractions...
  6.5M rows, 5434 matched, 3001 extracted (9381s)
  [mem 6.5M] rss=104MB heap=12/41MB external=17MB
  7.0M rows, 5839 matched, 3161 extracted (10054s)
  [mem 7.0M] rss=101MB heap=8/40MB external=14MB
  7.5M rows, 6005 matched, 3250 extracted (10987s)
  [mem 7.5M] rss=108MB heap=24/44MB external=27MB
  8.0M rows, 6327 matched, 3446 extracted (11811s)
  [mem 8.0M] rss=101MB heap=17/42MB external=23MB
  3500 extractions...
  8.5M rows, 6957 matched, 3814 extracted (12520s)
  [mem 8.5M] rss=111MB heap=19/45MB external=26MB
  4000 extractions...
  9.0M rows, 8031 matched, 4471 extracted (13407s)
  [mem 9.0M] rss=108MB heap=10/40MB external=15MB
  4500 extractions...
  5000 extractions...
  9.5M rows, 9246 matched, 5197 extracted (14333s)
  [mem 9.5M] rss=110MB heap=13/41MB external=17MB
  5500 extractions...
  10.0M rows, 9914 matched, 5571 extracted (14976s)
  [mem 10.0M] rss=107MB heap=22/41MB external=25MB
  6000 extractions...
  10.5M rows, 10712 matched, 6024 extracted (15702s)
  [mem 10.5M] rss=108MB heap=18/43MB external=22MB

Stream complete: 10745929 rows in 266.8 min
Clusters matched: 10834
Clusters with extractions: 6083

--- Motion types found ---
  dismiss_motion                 982
  suppress_motion                963
  judgment_acquittal_motion      572
  new_trial_motion               552
  in_limine_motion               309
  mistrial_motion                307
  continuance_motion             135
  severance_motion               116
  bill_of_particulars            76
  change_of_venue_motion         68
  discovery_motion               64
  competency_motion              49
  recusal_motion                 45
  arrest_judgment_motion         36
  withdraw_plea_motion           20
  speedy_trial_motion            14
  franks_motion                  5
  pretrial_release_motion        3

--- Legal issues found ---
  fourteenth_amendment           2324
  sixth_amendment                2050
  sufficiency_of_evidence        1935
  jury_instruction               1694
  fourth_amendment               1427
  fifth_amendment                1245
  jurisdiction                   1059
  sentencing                     882
  expert_testimony               839
  double_jeopardy                834
  hearsay                        822
  ineffective_assistance         811
  prosecutorial_misconduct       413
  eighth_amendment               365
  confession                     360
  brady_violation                284
  speedy_trial                   203
  giglio_violation               108
  identification                 98
  chain_of_custody               88

SQL statements: 6083

--- Applying 6083 updates in batches of 500 ---

  Batch 1: SQL 401: {"message":"Unauthorized"}
  Batch 2: SQL 401: {"message":"Unauthorized"}
  Batch 3: SQL 401: {"message":"Unauthorized"}
  Batch 4: SQL 401: {"message":"Unauthorized"}
  Batch 5: SQL 401: {"message":"Unauthorized"}
  Batch 6: SQL 401: {"message":"Unauthorized"}
  Batch 7: SQL 401: {"message":"Unauthorized"}
  Batch 8: SQL 401: {"message":"Unauthorized"}
  Batch 9: SQL 401: {"message":"Unauthorized"}
  Batch 10: SQL 401: {"message":"Unauthorized"}
  Batch 11: SQL 401: {"message":"Unauthorized"}
  Batch 12: SQL 401: {"message":"Unauthorized"}
  Batch 13: SQL 401: {"message":"Unauthorized"}

--- Results ---
Clusters applied: 0  Errors: 13
Each cluster updates ALL rows sharing it (~3.8:1 row expansion).
