=== PRE-FILTER: Extract target cluster rows from 50GB opinions CSV ===

Target clusters: 6718
Using: C:\Program Files\Git\usr\bin\bzcat.exe
Header verified: column 21 = "cluster_id"
Streaming (multi-line aware)...

  5M lines, 20707 records, 0 matched, 208725 lines/sec (0.4 min)
  10M lines, 42331 records, 0 matched, 212211 lines/sec (0.8 min)
  15M lines, 62764 records, 0 matched, 219071 lines/sec (1.1 min)
  20M lines, 83179 records, 0 matched, 188904 lines/sec (1.8 min)
  25M lines, 101579 records, 0 matched, 190423 lines/sec (2.2 min)
  30M lines, 118340 records, 0 matched, 183572 lines/sec (2.7 min)
  35M lines, 135063 records, 0 matched, 178804 lines/sec (3.3 min)
  40M lines, 154510 records, 0 matched, 168397 lines/sec (4.0 min)
  45M lines, 174594 records, 0 matched, 165045 lines/sec (4.5 min)
  50M lines, 192273 records, 0 matched, 161942 lines/sec (5.1 min)
  55M lines, 208349 records, 0 matched, 158183 lines/sec (5.8 min)
  60M lines, 227812 records, 0 matched, 153408 lines/sec (6.5 min)
  65M lines, 249475 records, 0 matched, 151373 lines/sec (7.2 min)
  70M lines, 263449 records, 0 matched, 153025 lines/sec (7.6 min)
  75M lines, 276918 records, 0 matched, 156299 lines/sec (8.0 min)
  80M lines, 292055 records, 0 matched, 158754 lines/sec (8.4 min)
  85M lines, 309600 records, 0 matched, 159647 lines/sec (8.9 min)
  90M lines, 323432 records, 0 matched, 161925 lines/sec (9.3 min)
  95M lines, 340912 records, 0 matched, 160191 lines/sec (9.9 min)
  100M lines, 355273 records, 0 matched, 158799 lines/sec (10.5 min)
  105M lines, 373834 records, 0 matched, 157767 lines/sec (11.1 min)
  110M lines, 394920 records, 0 matched, 157122 lines/sec (11.7 min)
  115M lines, 413418 records, 0 matched, 152142 lines/sec (12.6 min)
  120M lines, 434975 records, 0 matched, 148901 lines/sec (13.4 min)
  125M lines, 449159 records, 0 matched, 149656 lines/sec (13.9 min)
  130M lines, 463410 records, 0 matched, 150009 lines/sec (14.4 min)
  135M lines, 476283 records, 0 matched, 151206 lines/sec (14.9 min)
  140M lines, 491356 records, 0 matched, 152237 lines/sec (15.3 min)
  145M lines, 504320 records, 0 matched, 153616 lines/sec (15.7 min)
  150M lines, 519036 records, 0 matched, 154610 lines/sec (16.2 min)
  155M lines, 532458 records, 0 matched, 154631 lines/sec (16.7 min)
  160M lines, 545495 records, 0 matched, 155238 lines/sec (17.2 min)
  165M lines, 560148 records, 0 matched, 155926 lines/sec (17.6 min)
  170M lines, 569595 records, 0 matched, 158096 lines/sec (17.9 min)
  175M lines, 578616 records, 0 matched, 159380 lines/sec (18.3 min)
  180M lines, 588400 records, 0 matched, 160666 lines/sec (18.7 min)
  185M lines, 596026 records, 0 matched, 162619 lines/sec (19.0 min)
  190M lines, 602320 records, 0 matched, 164574 lines/sec (19.2 min)
  195M lines, 610026 records, 0 matched, 166096 lines/sec (19.6 min)
  200M lines, 614659 records, 0 matched, 167924 lines/sec (19.9 min)
  205M lines, 618230 records, 0 matched, 169811 lines/sec (20.1 min)
  210M lines, 625596 records, 0 matched, 171397 lines/sec (20.4 min)
  215M lines, 634434 records, 0 matched, 172753 lines/sec (20.7 min)
  220M lines, 643363 records, 0 matched, 174314 lines/sec (21.0 min)
  225M lines, 651626 records, 0 matched, 175736 lines/sec (21.3 min)
  230M lines, 658497 records, 0 matched, 177411 lines/sec (21.6 min)
  235M lines, 666473 records, 0 matched, 178937 lines/sec (21.9 min)
  240M lines, 676683 records, 0 matched, 180271 lines/sec (22.2 min)
  245M lines, 683007 records, 0 matched, 181792 lines/sec (22.5 min)
  250M lines, 689129 records, 0 matched, 183100 lines/sec (22.8 min)
  255M lines, 695773 records, 0 matched, 184599 lines/sec (23.0 min)
  260M lines, 702569 records, 0 matched, 186177 lines/sec (23.3 min)
  265M lines, 710638 records, 0 matched, 187802 lines/sec (23.5 min)
  270M lines, 718337 records, 0 matched, 189098 lines/sec (23.8 min)
  275M lines, 725642 records, 0 matched, 190446 lines/sec (24.1 min)
  280M lines, 733468 records, 0 matched, 191794 lines/sec (24.3 min)
  285M lines, 741845 records, 0 matched, 193012 lines/sec (24.6 min)
  290M lines, 749435 records, 0 matched, 193208 lines/sec (25.0 min)
  295M lines, 758889 records, 0 matched, 193823 lines/sec (25.4 min)
  300M lines, 771812 records, 0 matched, 195012 lines/sec (25.6 min)
  305M lines, 779208 records, 0 matched, 196335 lines/sec (25.9 min)
  310M lines, 785753 records, 0 matched, 197809 lines/sec (26.1 min)
  315M lines, 793836 records, 0 matched, 199057 lines/sec (26.4 min)
  320M lines, 803604 records, 0 matched, 200304 lines/sec (26.6 min)
  325M lines, 825591 records, 0 matched, 200468 lines/sec (27.0 min)
  330M lines, 838479 records, 0 matched, 200645 lines/sec (27.4 min)
  335M lines, 856241 records, 0 matched, 200710 lines/sec (27.8 min)
  340M lines, 871630 records, 0 matched, 200966 lines/sec (28.2 min)
  345M lines, 886446 records, 0 matched, 201409 lines/sec (28.5 min)
  350M lines, 902126 records, 0 matched, 201495 lines/sec (29.0 min)
  355M lines, 914771 records, 0 matched, 202160 lines/sec (29.3 min)
  360M lines, 923805 records, 0 matched, 202839 lines/sec (29.6 min)
  365M lines, 939781 records, 0 matched, 203251 lines/sec (29.9 min)
  370M lines, 958690 records, 0 matched, 203610 lines/sec (30.3 min)
  375M lines, 974088 records, 0 matched, 203599 lines/sec (30.7 min)
  380M lines, 993245 records, 0 matched, 203843 lines/sec (31.1 min)
  385M lines, 1002291 records, 0 matched, 203871 lines/sec (31.5 min)
  390M lines, 1015818 records, 0 matched, 203545 lines/sec (31.9 min)
  395M lines, 1026985 records, 0 matched, 203642 lines/sec (32.3 min)
  400M lines, 1037770 records, 0 matched, 203813 lines/sec (32.7 min)
  405M lines, 1048339 records, 0 matched, 204037 lines/sec (33.1 min)
  410M lines, 1059435 records, 0 matched, 204641 lines/sec (33.4 min)
  415M lines, 1070763 records, 0 matched, 204747 lines/sec (33.8 min)
  420M lines, 1083158 records, 0 matched, 204244 lines/sec (34.3 min)
  425M lines, 1095840 records, 0 matched, 203845 lines/sec (34.7 min)
  430M lines, 1109192 records, 0 matched, 203184 lines/sec (35.3 min)
  435M lines, 1122431 records, 0 matched, 202866 lines/sec (35.7 min)
  440M lines, 1135887 records, 0 matched, 202677 lines/sec (36.2 min)
  445M lines, 1146121 records, 0 matched, 202821 lines/sec (36.6 min)
  450M lines, 1156116 records, 0 matched, 203502 lines/sec (36.9 min)
  455M lines, 1167345 records, 0 matched, 203677 lines/sec (37.2 min)
  460M lines, 1178631 records, 0 matched, 203517 lines/sec (37.7 min)
  465M lines, 1190209 records, 0 matched, 203299 lines/sec (38.1 min)
  470M lines, 1201515 records, 0 matched, 203298 lines/sec (38.5 min)
  475M lines, 1211546 records, 0 matched, 203296 lines/sec (38.9 min)
  480M lines, 1219998 records, 0 matched, 203540 lines/sec (39.3 min)
  485M lines, 1228696 records, 0 matched, 203811 lines/sec (39.7 min)
  490M lines, 1238056 records, 0 matched, 204436 lines/sec (39.9 min)
  495M lines, 1248928 records, 0 matched, 204645 lines/sec (40.3 min)
  500M lines, 1260267 records, 0 matched, 205033 lines/sec (40.6 min)
  505M lines, 1271217 records, 0 matched, 205171 lines/sec (41.0 min)
  510M lines, 1281988 records, 0 matched, 205808 lines/sec (41.3 min)
  515M lines, 1293000 records, 0 matched, 206301 lines/sec (41.6 min)
  520M lines, 1304353 records, 0 matched, 206962 lines/sec (41.9 min)
  525M lines, 1314758 records, 0 matched, 207419 lines/sec (42.2 min)
  530M lines, 1356914 records, 0 matched, 206537 lines/sec (42.8 min)
  535M lines, 1415042 records, 0 matched, 205394 lines/sec (43.4 min)
  540M lines, 1456996 records, 0 matched, 204707 lines/sec (44.0 min)
  545M lines, 1522525 records, 0 matched, 202159 lines/sec (44.9 min)
  550M lines, 1594273 records, 0 matched, 199507 lines/sec (45.9 min)
  555M lines, 1640908 records, 0 matched, 198940 lines/sec (46.5 min)
  560M lines, 1686926 records, 0 matched, 198107 lines/sec (47.1 min)
  565M lines, 1755128 records, 0 matched, 197094 lines/sec (47.8 min)
  570M lines, 1828311 records, 0 matched, 195166 lines/sec (48.7 min)
  575M lines, 1860942 records, 0 matched, 194769 lines/sec (49.2 min)
  580M lines, 1896959 records, 0 matched, 194812 lines/sec (49.6 min)
  585M lines, 1922770 records, 0 matched, 195429 lines/sec (49.9 min)
  590M lines, 1959288 records, 0 matched, 195627 lines/sec (50.3 min)
  595M lines, 2000059 records, 0 matched, 195262 lines/sec (50.8 min)
  600M lines, 2021150 records, 0 matched, 195352 lines/sec (51.2 min)
  605M lines, 2059806 records, 0 matched, 195299 lines/sec (51.6 min)
  610M lines, 2120422 records, 0 matched, 195095 lines/sec (52.1 min)
  615M lines, 2190162 records, 0 matched, 194275 lines/sec (52.8 min)
  620M lines, 2248463 records, 0 matched, 193709 lines/sec (53.3 min)
  625M lines, 2291438 records, 0 matched, 193489 lines/sec (53.8 min)
  630M lines, 2338970 records, 0 matched, 192444 lines/sec (54.6 min)
  635M lines, 2380089 records, 0 matched, 192460 lines/sec (55.0 min)
  640M lines, 2388174 records, 0 matched, 193424 lines/sec (55.1 min)
  645M lines, 2400584 records, 0 matched, 194298 lines/sec (55.3 min)
  650M lines, 2412960 records, 0 matched, 195143 lines/sec (55.5 min)
  655M lines, 2442572 records, 0 matched, 195274 lines/sec (55.9 min)
  660M lines, 2462954 records, 0 matched, 196006 lines/sec (56.1 min)
  665M lines, 2478641 records, 0 matched, 196900 lines/sec (56.3 min)
  670M lines, 2497986 records, 0 matched, 197580 lines/sec (56.5 min)
  675M lines, 2516245 records, 0 matched, 198248 lines/sec (56.7 min)
  680M lines, 2534743 records, 0 matched, 198999 lines/sec (57.0 min)
  685M lines, 2556689 records, 0 matched, 199486 lines/sec (57.2 min)
  690M lines, 2569041 records, 0 matched, 200102 lines/sec (57.5 min)
  695M lines, 2625718 records, 0 matched, 199203 lines/sec (58.1 min)
  700M lines, 2660852 records, 0 matched, 198808 lines/sec (58.7 min)
  705M lines, 2717224 records, 0 matched, 198090 lines/sec (59.3 min)
  710M lines, 2744480 records, 0 matched, 198040 lines/sec (59.8 min)
  715M lines, 2754725 records, 0 matched, 198756 lines/sec (60.0 min)
  720M lines, 2767103 records, 0 matched, 199347 lines/sec (60.2 min)
  725M lines, 2780607 records, 0 matched, 200078 lines/sec (60.4 min)
  730M lines, 2806119 records, 0 matched, 200497 lines/sec (60.7 min)
  735M lines, 2825130 records, 0 matched, 201243 lines/sec (60.9 min)
  740M lines, 2839315 records, 0 matched, 201784 lines/sec (61.1 min)
  745M lines, 2867641 records, 0 matched, 202014 lines/sec (61.5 min)
  750M lines, 2886762 records, 0 matched, 201865 lines/sec (61.9 min)
  755M lines, 2908545 records, 0 matched, 201655 lines/sec (62.4 min)
  760M lines, 2926461 records, 0 matched, 201692 lines/sec (62.8 min)
  765M lines, 2941021 records, 0 matched, 202234 lines/sec (63.0 min)
  770M lines, 2952656 records, 0 matched, 202720 lines/sec (63.3 min)
  775M lines, 2972001 records, 0 matched, 202562 lines/sec (63.8 min)
  780M lines, 2986899 records, 0 matched, 202620 lines/sec (64.2 min)
  785M lines, 3008516 records, 0 matched, 202819 lines/sec (64.5 min)
  790M lines, 3092994 records, 0 matched, 201336 lines/sec (65.4 min)
  795M lines, 3116950 records, 0 matched, 201435 lines/sec (65.8 min)
  800M lines, 3133394 records, 0 matched, 201905 lines/sec (66.0 min)
  805M lines, 3143389 records, 0 matched, 202509 lines/sec (66.3 min)
  810M lines, 3155351 records, 0 matched, 203167 lines/sec (66.4 min)
  815M lines, 3165692 records, 0 matched, 203765 lines/sec (66.7 min)
  820M lines, 3176556 records, 0 matched, 204225 lines/sec (66.9 min)
  825M lines, 3188092 records, 0 matched, 204782 lines/sec (67.1 min)
  830M lines, 3202451 records, 0 matched, 205464 lines/sec (67.3 min)
  835M lines, 3217519 records, 0 matched, 205649 lines/sec (67.7 min)
  840M lines, 3233988 records, 0 matched, 205653 lines/sec (68.1 min)
  845M lines, 3247724 records, 0 matched, 205676 lines/sec (68.5 min)
  850M lines, 3257531 records, 0 matched, 205893 lines/sec (68.8 min)
  855M lines, 3263070 records, 0 matched, 206366 lines/sec (69.1 min)
  860M lines, 3273137 records, 0 matched, 206775 lines/sec (69.3 min)
  865M lines, 3286179 records, 0 matched, 206779 lines/sec (69.7 min)
  870M lines, 3298797 records, 0 matched, 207140 lines/sec (70.0 min)
  875M lines, 3311927 records, 0 matched, 207478 lines/sec (70.3 min)
  880M lines, 3328532 records, 0 matched, 207483 lines/sec (70.7 min)
  885M lines, 3344047 records, 0 matched, 207803 lines/sec (71.0 min)
  890M lines, 3356367 records, 0 matched, 208169 lines/sec (71.3 min)
  895M lines, 3365988 records, 0 matched, 208530 lines/sec (71.5 min)
  900M lines, 3374405 records, 0 matched, 208840 lines/sec (71.8 min)
  905M lines, 3383283 records, 0 matched, 209153 lines/sec (72.1 min)
  910M lines, 3391951 records, 0 matched, 209258 lines/sec (72.5 min)
  915M lines, 3400594 records, 0 matched, 209293 lines/sec (72.9 min)
  920M lines, 3409119 records, 0 matched, 209420 lines/sec (73.2 min)
  925M lines, 3416870 records, 0 matched, 209591 lines/sec (73.6 min)
  930M lines, 3424854 records, 0 matched, 209766 lines/sec (73.9 min)
  935M lines, 3434527 records, 0 matched, 210045 lines/sec (74.2 min)
  940M lines, 3443979 records, 0 matched, 210506 lines/sec (74.4 min)
  945M lines, 3452402 records, 0 matched, 210716 lines/sec (74.7 min)
  950M lines, 3459683 records, 0 matched, 210798 lines/sec (75.1 min)
  955M lines, 3466609 records, 0 matched, 210856 lines/sec (75.5 min)
  960M lines, 3473006 records, 0 matched, 210987 lines/sec (75.8 min)
  965M lines, 3482169 records, 0 matched, 211222 lines/sec (76.1 min)
  970M lines, 3492059 records, 0 matched, 211662 lines/sec (76.4 min)
  975M lines, 3501408 records, 0 matched, 211959 lines/sec (76.7 min)
  980M lines, 3512408 records, 0 matched, 212137 lines/sec (77.0 min)
  985M lines, 3522755 records, 0 matched, 212090 lines/sec (77.4 min)
  990M lines, 3533056 records, 0 matched, 212161 lines/sec (77.8 min)
  995M lines, 3543140 records, 0 matched, 212007 lines/sec (78.2 min)
  1000M lines, 3553600 records, 0 matched, 211747 lines/sec (78.7 min)
  1005M lines, 3561449 records, 0 matched, 211992 lines/sec (79.0 min)
  1010M lines, 3571598 records, 0 matched, 212171 lines/sec (79.3 min)
  1015M lines, 3584340 records, 0 matched, 211963 lines/sec (79.8 min)
  1020M lines, 3596279 records, 0 matched, 212065 lines/sec (80.2 min)
  1025M lines, 3608323 records, 0 matched, 212101 lines/sec (80.5 min)
  1030M lines, 3621428 records, 0 matched, 211660 lines/sec (81.1 min)
  1035M lines, 3636699 records, 0 matched, 210946 lines/sec (81.8 min)
  1040M lines, 3655318 records, 0 matched, 210178 lines/sec (82.5 min)
  1045M lines, 3671799 records, 0 matched, 209723 lines/sec (83.0 min)
  1050M lines, 3682950 records, 0 matched, 209528 lines/sec (83.5 min)
  1055M lines, 3694262 records, 0 matched, 209436 lines/sec (84.0 min)
  1060M lines, 3706264 records, 0 matched, 209457 lines/sec (84.3 min)
  1065M lines, 3720709 records, 0 matched, 209175 lines/sec (84.9 min)
  1070M lines, 3733073 records, 0 matched, 209385 lines/sec (85.2 min)
  1075M lines, 3743978 records, 0 matched, 209776 lines/sec (85.4 min)
  1080M lines, 3762774 records, 0 matched, 209642 lines/sec (85.9 min)
  1085M lines, 3772160 records, 0 matched, 209755 lines/sec (86.2 min)
  1090M lines, 3781222 records, 0 matched, 210056 lines/sec (86.5 min)
  1095M lines, 3796662 records, 0 matched, 210012 lines/sec (86.9 min)
  1100M lines, 3811389 records, 0 matched, 210102 lines/sec (87.3 min)
  1105M lines, 3822139 records, 0 matched, 210424 lines/sec (87.5 min)
  1110M lines, 3829388 records, 0 matched, 210753 lines/sec (87.8 min)
  1115M lines, 3839190 records, 0 matched, 211080 lines/sec (88.0 min)
  1120M lines, 3856520 records, 0 matched, 211266 lines/sec (88.4 min)
  1125M lines, 3869030 records, 0 matched, 211449 lines/sec (88.7 min)
  1130M lines, 3885266 records, 0 matched, 211673 lines/sec (89.0 min)
  1135M lines, 3904016 records, 0 matched, 211856 lines/sec (89.3 min)
  1140M lines, 3922891 records, 0 matched, 212131 lines/sec (89.6 min)
  1145M lines, 3944075 records, 0 matched, 212396 lines/sec (89.8 min)
  1150M lines, 3965934 records, 0 matched, 212620 lines/sec (90.1 min)
  1155M lines, 3982053 records, 0 matched, 212989 lines/sec (90.4 min)
  1160M lines, 3992261 records, 0 matched, 213228 lines/sec (90.7 min)
  1165M lines, 4004302 records, 0 matched, 213563 lines/sec (90.9 min)
  1170M lines, 4014387 records, 0 matched, 213799 lines/sec (91.2 min)
  1175M lines, 4024180 records, 0 matched, 214090 lines/sec (91.5 min)
  1180M lines, 4035034 records, 0 matched, 214292 lines/sec (91.8 min)
  1185M lines, 4046849 records, 0 matched, 214680 lines/sec (92.0 min)
  1190M lines, 4060312 records, 0 matched, 214978 lines/sec (92.3 min)
  1195M lines, 4069867 records, 0 matched, 215405 lines/sec (92.5 min)
  1200M lines, 4082889 records, 0 matched, 215673 lines/sec (92.7 min)
  1205M lines, 4087782 records, 0 matched, 216159 lines/sec (92.9 min)
  1210M lines, 4094459 records, 0 matched, 216567 lines/sec (93.1 min)
  1215M lines, 4118927 records, 0 matched, 216894 lines/sec (93.4 min)
  1220M lines, 4148746 records, 0 matched, 216923 lines/sec (93.7 min)
  1225M lines, 4192210 records, 0 matched, 217149 lines/sec (94.0 min)
  1230M lines, 4231946 records, 0 matched, 217177 lines/sec (94.4 min)
  1235M lines, 4282583 records, 0 matched, 217030 lines/sec (94.8 min)
  1240M lines, 4336676 records, 0 matched, 216138 lines/sec (95.6 min)
  1245M lines, 4396904 records, 0 matched, 214722 lines/sec (96.6 min)
  1250M lines, 4478527 records, 0 matched, 213359 lines/sec (97.6 min)
  1255M lines, 4556497 records, 0 matched, 212226 lines/sec (98.6 min)
  1260M lines, 4639603 records, 0 matched, 211387 lines/sec (99.3 min)
  1265M lines, 4671818 records, 0 matched, 211589 lines/sec (99.6 min)
  1270M lines, 4736103 records, 0 matched, 211454 lines/sec (100.1 min)
  1275M lines, 4778239 records, 0 matched, 211706 lines/sec (100.4 min)
  1280M lines, 4836384 records, 0 matched, 211815 lines/sec (100.7 min)
  1285M lines, 4980447 records, 0 matched, 210382 lines/sec (101.8 min)
  1290M lines, 5085616 records, 0 matched, 209455 lines/sec (102.6 min)
  1295M lines, 5194023 records, 0 matched, 208780 lines/sec (103.4 min)
  1300M lines, 5243750 records, 0 matched, 209253 lines/sec (103.5 min)
  1305M lines, 5319770 records, 0 matched, 208750 lines/sec (104.2 min)
  1310M lines, 5346579 records, 0 matched, 209002 lines/sec (104.5 min)
  1315M lines, 5361098 records, 0 matched, 209239 lines/sec (104.7 min)
  1320M lines, 5447440 records, 0 matched, 208765 lines/sec (105.4 min)
  1325M lines, 5599994 records, 0 matched, 206803 lines/sec (106.8 min)
  1330M lines, 5651960 records, 0 matched, 206313 lines/sec (107.4 min)
  1335M lines, 5677505 records, 0 matched, 206387 lines/sec (107.8 min)
  1340M lines, 5697786 records, 0 matched, 206504 lines/sec (108.1 min)
  1345M lines, 5718799 records, 0 matched, 206661 lines/sec (108.5 min)
  1350M lines, 5733199 records, 0 matched, 206653 lines/sec (108.9 min)
  1355M lines, 5743175 records, 0 matched, 206992 lines/sec (109.1 min)
  1360M lines, 5751195 records, 0 matched, 207346 lines/sec (109.3 min)
  1365M lines, 5775613 records, 0 matched, 207285 lines/sec (109.8 min)
  1370M lines, 5855138 records, 0 matched, 206534 lines/sec (110.6 min)
  1375M lines, 6000903 records, 0 matched, 205059 lines/sec (111.8 min)
  1380M lines, 6150285 records, 0 matched, 203532 lines/sec (113.0 min)
  1385M lines, 6197139 records, 0 matched, 201619 lines/sec (114.5 min)
  1390M lines, 6211106 records, 0 matched, 201697 lines/sec (114.9 min)
  1395M lines, 6222290 records, 0 matched, 202106 lines/sec (115.0 min)
  1400M lines, 6233086 records, 0 matched, 202477 lines/sec (115.2 min)
  1405M lines, 6244892 records, 0 matched, 202873 lines/sec (115.4 min)
  1410M lines, 6257778 records, 0 matched, 203219 lines/sec (115.6 min)
  1415M lines, 6270612 records, 0 matched, 203520 lines/sec (115.9 min)
  1420M lines, 6283846 records, 0 matched, 203785 lines/sec (116.1 min)
  1425M lines, 6295951 records, 0 matched, 204117 lines/sec (116.4 min)
  1430M lines, 6333989 records, 0 matched, 203979 lines/sec (116.8 min)
  1435M lines, 6372466 records, 0 matched, 203916 lines/sec (117.3 min)
  1440M lines, 6400083 records, 0 matched, 204030 lines/sec (117.6 min)
  1445M lines, 6412001 records, 0 matched, 204383 lines/sec (117.8 min)
  1450M lines, 6431167 records, 0 matched, 204490 lines/sec (118.2 min)
  1455M lines, 6452275 records, 0 matched, 204682 lines/sec (118.5 min)
  1460M lines, 6476301 records, 0 matched, 204641 lines/sec (118.9 min)
  1465M lines, 6496740 records, 0 matched, 204762 lines/sec (119.2 min)
  1470M lines, 6524144 records, 0 matched, 204826 lines/sec (119.6 min)
  1475M lines, 6551123 records, 0 matched, 204775 lines/sec (120.1 min)
  1480M lines, 6584591 records, 0 matched, 204584 lines/sec (120.6 min)
  1485M lines, 6599734 records, 0 matched, 204865 lines/sec (120.8 min)
  1490M lines, 6615394 records, 0 matched, 205146 lines/sec (121.1 min)
  1495M lines, 6629930 records, 0 matched, 205414 lines/sec (121.3 min)
  1500M lines, 6657068 records, 0 matched, 205444 lines/sec (121.7 min)
  1505M lines, 6687334 records, 0 matched, 205590 lines/sec (122.0 min)
  1510M lines, 6720391 records, 0 matched, 205688 lines/sec (122.4 min)
  1515M lines, 6736449 records, 0 matched, 206035 lines/sec (122.6 min)
  1520M lines, 6760523 records, 0 matched, 206291 lines/sec (122.8 min)
  1525M lines, 6791384 records, 0 matched, 206382 lines/sec (123.2 min)
  1530M lines, 6834340 records, 0 matched, 206187 lines/sec (123.7 min)
  1535M lines, 6872238 records, 0 matched, 206098 lines/sec (124.1 min)
  1540M lines, 6930950 records, 0 matched, 205996 lines/sec (124.6 min)
  1545M lines, 7008815 records, 0 matched, 205573 lines/sec (125.3 min)
  1550M lines, 7064602 records, 0 matched, 205297 lines/sec (125.8 min)
  1555M lines, 7076149 records, 0 matched, 205485 lines/sec (126.1 min)
  1560M lines, 7087971 records, 0 matched, 205772 lines/sec (126.4 min)
  1565M lines, 7097762 records, 0 matched, 205923 lines/sec (126.7 min)
  1570M lines, 7108556 records, 0 matched, 206162 lines/sec (126.9 min)
  1575M lines, 7117266 records, 0 matched, 206367 lines/sec (127.2 min)
  1580M lines, 7125082 records, 0 matched, 206498 lines/sec (127.5 min)
  1585M lines, 7132682 records, 0 matched, 206609 lines/sec (127.9 min)
  1590M lines, 7141891 records, 0 matched, 206452 lines/sec (128.4 min)
  1595M lines, 7151614 records, 0 matched, 206479 lines/sec (128.7 min)
  1600M lines, 7160754 records, 0 matched, 206732 lines/sec (129.0 min)
  1605M lines, 7172269 records, 0 matched, 206897 lines/sec (129.3 min)
  1610M lines, 7185708 records, 0 matched, 207120 lines/sec (129.6 min)
  1615M lines, 7200700 records, 0 matched, 207183 lines/sec (129.9 min)
  1620M lines, 7215931 records, 0 matched, 207258 lines/sec (130.3 min)
  1625M lines, 7233545 records, 0 matched, 207145 lines/sec (130.7 min)
  1630M lines, 7247879 records, 0 matched, 207163 lines/sec (131.1 min)
  1635M lines, 7261290 records, 0 matched, 207131 lines/sec (131.6 min)
  1640M lines, 7284499 records, 0 matched, 206836 lines/sec (132.2 min)
  1645M lines, 7304793 records, 0 matched, 206737 lines/sec (132.6 min)
  1650M lines, 7322816 records, 0 matched, 206761 lines/sec (133.0 min)
  1655M lines, 7333847 records, 0 matched, 206847 lines/sec (133.4 min)
  1660M lines, 7343676 records, 0 matched, 207030 lines/sec (133.6 min)
  1665M lines, 7355362 records, 0 matched, 207127 lines/sec (134.0 min)
  1670M lines, 7366893 records, 0 matched, 207220 lines/sec (134.3 min)
  1675M lines, 7383835 records, 0 matched, 207084 lines/sec (134.8 min)
  1680M lines, 7401450 records, 0 matched, 207081 lines/sec (135.2 min)
  1685M lines, 7413723 records, 0 matched, 207135 lines/sec (135.6 min)
  1690M lines, 7426724 records, 0 matched, 207122 lines/sec (136.0 min)
  1695M lines, 7436306 records, 0 matched, 207291 lines/sec (136.3 min)
  1700M lines, 7444344 records, 0 matched, 207575 lines/sec (136.5 min)
  1705M lines, 7453653 records, 0 matched, 207743 lines/sec (136.8 min)
  1710M lines, 7463415 records, 0 matched, 207999 lines/sec (137.0 min)
  1715M lines, 7473641 records, 0 matched, 208185 lines/sec (137.3 min)
  1720M lines, 7485167 records, 0 matched, 208369 lines/sec (137.6 min)
  1725M lines, 7495199 records, 0 matched, 208474 lines/sec (137.9 min)
  1730M lines, 7503207 records, 0 matched, 208618 lines/sec (138.2 min)
  1735M lines, 7510914 records, 0 matched, 208842 lines/sec (138.5 min)
  1740M lines, 7518737 records, 0 matched, 209041 lines/sec (138.7 min)
  1745M lines, 7524524 records, 0 matched, 209307 lines/sec (139.0 min)
  1750M lines, 7531358 records, 0 matched, 209563 lines/sec (139.2 min)
  1755M lines, 7548150 records, 0 matched, 209645 lines/sec (139.5 min)
  1760M lines, 7571349 records, 0 matched, 209563 lines/sec (140.0 min)
  1765M lines, 7592211 records, 0 matched, 209516 lines/sec (140.4 min)
  1770M lines, 7605910 records, 0 matched, 209617 lines/sec (140.7 min)
  1775M lines, 7617600 records, 0 matched, 209760 lines/sec (141.0 min)
  1780M lines, 7631885 records, 0 matched, 209862 lines/sec (141.4 min)
  1785M lines, 7651503 records, 0 matched, 209959 lines/sec (141.7 min)
  1790M lines, 7660682 records, 0 matched, 210190 lines/sec (141.9 min)
  1795M lines, 7694224 records, 0 matched, 210047 lines/sec (142.4 min)
  1800M lines, 7722170 records, 0 matched, 209896 lines/sec (142.9 min)
  1805M lines, 7738127 records, 0 matched, 209865 lines/sec (143.3 min)
  1810M lines, 7752867 records, 0 matched, 209955 lines/sec (143.7 min)
  1815M lines, 7768147 records, 0 matched, 209997 lines/sec (144.1 min)
  1820M lines, 7790252 records, 0 matched, 209992 lines/sec (144.4 min)
  1825M lines, 7824624 records, 0 matched, 209694 lines/sec (145.1 min)
  1830M lines, 7861982 records, 0 matched, 209490 lines/sec (145.6 min)
  1835M lines, 7872907 records, 0 matched, 209679 lines/sec (145.9 min)
  1840M lines, 7883933 records, 0 matched, 209874 lines/sec (146.1 min)
  1845M lines, 7894151 records, 0 matched, 210088 lines/sec (146.4 min)
  1850M lines, 7903753 records, 0 matched, 210320 lines/sec (146.6 min)
  1855M lines, 7912210 records, 0 matched, 210529 lines/sec (146.9 min)
  1860M lines, 7921920 records, 0 matched, 210661 lines/sec (147.2 min)
  1865M lines, 7934487 records, 0 matched, 210793 lines/sec (147.5 min)
  1870M lines, 7946773 records, 0 matched, 210953 lines/sec (147.7 min)
  1875M lines, 7959473 records, 0 matched, 211052 lines/sec (148.1 min)
  1880M lines, 7970392 records, 0 matched, 211167 lines/sec (148.4 min)
  1885M lines, 7980546 records, 0 matched, 211244 lines/sec (148.7 min)
  1890M lines, 7992631 records, 0 matched, 211326 lines/sec (149.1 min)
  1895M lines, 8002882 records, 0 matched, 211421 lines/sec (149.4 min)
  1900M lines, 8014863 records, 0 matched, 211531 lines/sec (149.7 min)
  1905M lines, 8027363 records, 0 matched, 211729 lines/sec (150.0 min)
  1910M lines, 8040695 records, 0 matched, 211888 lines/sec (150.2 min)
  1915M lines, 8059785 records, 0 matched, 211988 lines/sec (150.6 min)
  1920M lines, 8079862 records, 0 matched, 211977 lines/sec (151.0 min)
  1925M lines, 8097601 records, 0 matched, 212016 lines/sec (151.3 min)
  1930M lines, 8110659 records, 0 matched, 212122 lines/sec (151.6 min)
  1935M lines, 8120163 records, 0 matched, 212253 lines/sec (151.9 min)
  1940M lines, 8132718 records, 0 matched, 212362 lines/sec (152.3 min)
  1945M lines, 8143785 records, 0 matched, 212451 lines/sec (152.6 min)
  1950M lines, 8156038 records, 0 matched, 212585 lines/sec (152.9 min)
  1955M lines, 8166500 records, 0 matched, 212641 lines/sec (153.2 min)
  1960M lines, 8174785 records, 0 matched, 212593 lines/sec (153.7 min)
  1965M lines, 8182703 records, 0 matched, 212644 lines/sec (154.0 min)
  1970M lines, 8190965 records, 0 matched, 212703 lines/sec (154.4 min)
  1975M lines, 8198410 records, 0 matched, 212734 lines/sec (154.7 min)
  1980M lines, 8206408 records, 0 matched, 212800 lines/sec (155.1 min)
  1985M lines, 8215298 records, 0 matched, 212881 lines/sec (155.4 min)
  1990M lines, 8225545 records, 0 matched, 213002 lines/sec (155.7 min)
  1995M lines, 8234118 records, 0 matched, 213156 lines/sec (156.0 min)

=== COMPLETE ===
  Lines scanned: 1,999,639,476
  Rows matched: 0
  Output: C:\Users\email\projects\ImNotAnAttorney-web\data\bulk-verify\cl-bulk\opinions-filtered.csv (0.0 MB)
  Time: 156.3 min (213235 lines/sec)

All downstream scripts can now read opinions-filtered.csv instead of the 50GB bz2.
