=== PRE-FILTER: Extract target cluster rows from 50GB opinions CSV ===

Target clusters: 6718
Using: C:\Program Files\Git\usr\bin\bzcat.exe
Header verified: column 21 = "cluster_id"
Streaming (multi-line aware)...

  5M lines, 20707 records, 4 matched, 148818 lines/sec (0.6 min)
  10M lines, 42331 records, 8 matched, 148608 lines/sec (1.1 min)
  15M lines, 62764 records, 13 matched, 147850 lines/sec (1.7 min)
  20M lines, 83179 records, 21 matched, 148766 lines/sec (2.2 min)
  25M lines, 101579 records, 30 matched, 154205 lines/sec (2.7 min)
  30M lines, 118340 records, 40 matched, 157965 lines/sec (3.2 min)
  35M lines, 135063 records, 51 matched, 163231 lines/sec (3.6 min)
  40M lines, 154510 records, 61 matched, 165908 lines/sec (4.0 min)
  45M lines, 174594 records, 66 matched, 165841 lines/sec (4.5 min)
  50M lines, 192273 records, 67 matched, 167796 lines/sec (5.0 min)
  55M lines, 208349 records, 70 matched, 170716 lines/sec (5.4 min)
  60M lines, 227812 records, 75 matched, 170535 lines/sec (5.9 min)
  65M lines, 249475 records, 77 matched, 169025 lines/sec (6.4 min)
  70M lines, 263449 records, 79 matched, 170990 lines/sec (6.8 min)
  75M lines, 276918 records, 82 matched, 174374 lines/sec (7.2 min)
  80M lines, 292055 records, 86 matched, 177264 lines/sec (7.5 min)
  85M lines, 309600 records, 93 matched, 177498 lines/sec (8.0 min)
  90M lines, 323432 records, 96 matched, 178384 lines/sec (8.4 min)
  95M lines, 340912 records, 101 matched, 177925 lines/sec (8.9 min)
  100M lines, 355273 records, 104 matched, 177920 lines/sec (9.4 min)
  105M lines, 373834 records, 107 matched, 176908 lines/sec (9.9 min)
  110M lines, 394920 records, 112 matched, 176298 lines/sec (10.4 min)
  115M lines, 413418 records, 117 matched, 173478 lines/sec (11.0 min)
  120M lines, 434975 records, 126 matched, 170684 lines/sec (11.7 min)
  125M lines, 449159 records, 129 matched, 171473 lines/sec (12.1 min)
  130M lines, 463410 records, 130 matched, 172000 lines/sec (12.6 min)
  135M lines, 476283 records, 144 matched, 173308 lines/sec (13.0 min)
  140M lines, 491356 records, 146 matched, 174163 lines/sec (13.4 min)
  145M lines, 504320 records, 150 matched, 175993 lines/sec (13.7 min)
  150M lines, 519036 records, 154 matched, 177325 lines/sec (14.1 min)
  155M lines, 532458 records, 164 matched, 178863 lines/sec (14.4 min)
  160M lines, 545495 records, 166 matched, 180056 lines/sec (14.8 min)
  165M lines, 560148 records, 171 matched, 180958 lines/sec (15.2 min)
  170M lines, 569595 records, 180 matched, 183318 lines/sec (15.5 min)
  175M lines, 578616 records, 189 matched, 184625 lines/sec (15.8 min)
  180M lines, 588400 records, 194 matched, 186291 lines/sec (16.1 min)
  185M lines, 596026 records, 200 matched, 188551 lines/sec (16.4 min)
  190M lines, 602320 records, 202 matched, 190685 lines/sec (16.6 min)
  195M lines, 610026 records, 204 matched, 192176 lines/sec (16.9 min)
  200M lines, 614659 records, 207 matched, 194413 lines/sec (17.1 min)
  205M lines, 618230 records, 208 matched, 197014 lines/sec (17.3 min)
  210M lines, 625596 records, 217 matched, 199319 lines/sec (17.6 min)
  215M lines, 634434 records, 220 matched, 201356 lines/sec (17.8 min)
  220M lines, 643363 records, 223 matched, 203155 lines/sec (18.0 min)
  225M lines, 651626 records, 229 matched, 204629 lines/sec (18.3 min)
  230M lines, 658497 records, 237 matched, 206108 lines/sec (18.6 min)
  235M lines, 666473 records, 242 matched, 207907 lines/sec (18.8 min)
  240M lines, 676683 records, 249 matched, 209328 lines/sec (19.1 min)
  245M lines, 683007 records, 257 matched, 211340 lines/sec (19.3 min)
  250M lines, 689129 records, 268 matched, 213098 lines/sec (19.6 min)
  255M lines, 695773 records, 275 matched, 214945 lines/sec (19.8 min)
  260M lines, 702569 records, 284 matched, 216857 lines/sec (20.0 min)
  265M lines, 710638 records, 293 matched, 218801 lines/sec (20.2 min)
  270M lines, 718337 records, 303 matched, 220783 lines/sec (20.4 min)
  275M lines, 725642 records, 315 matched, 222509 lines/sec (20.6 min)
  280M lines, 733468 records, 318 matched, 223712 lines/sec (20.9 min)
  285M lines, 741845 records, 323 matched, 224625 lines/sec (21.1 min)
  290M lines, 749435 records, 327 matched, 225057 lines/sec (21.5 min)
  295M lines, 758889 records, 328 matched, 225588 lines/sec (21.8 min)
  300M lines, 771812 records, 334 matched, 226753 lines/sec (22.1 min)
  305M lines, 779208 records, 344 matched, 227790 lines/sec (22.3 min)
  310M lines, 785753 records, 348 matched, 229048 lines/sec (22.6 min)
  315M lines, 793836 records, 355 matched, 230284 lines/sec (22.8 min)
  320M lines, 803604 records, 360 matched, 231486 lines/sec (23.0 min)
  325M lines, 825591 records, 369 matched, 230799 lines/sec (23.5 min)
  330M lines, 838479 records, 371 matched, 230705 lines/sec (23.8 min)
  335M lines, 856241 records, 379 matched, 230790 lines/sec (24.2 min)
  340M lines, 871630 records, 387 matched, 231299 lines/sec (24.5 min)
  345M lines, 886446 records, 397 matched, 231462 lines/sec (24.8 min)
  350M lines, 902126 records, 413 matched, 230764 lines/sec (25.3 min)
  355M lines, 914771 records, 423 matched, 230976 lines/sec (25.6 min)
  360M lines, 923805 records, 475 matched, 231694 lines/sec (25.9 min)
  365M lines, 939781 records, 485 matched, 230549 lines/sec (26.4 min)
  500 records matched, 952259 records scanned (26.7 min)
  370M lines, 958690 records, 510 matched, 229696 lines/sec (26.8 min)
  375M lines, 974088 records, 517 matched, 229358 lines/sec (27.2 min)
  380M lines, 993245 records, 526 matched, 228911 lines/sec (27.7 min)
  385M lines, 1002291 records, 545 matched, 229103 lines/sec (28.0 min)
  390M lines, 1015818 records, 584 matched, 228649 lines/sec (28.4 min)
  395M lines, 1026985 records, 610 matched, 228336 lines/sec (28.8 min)
  400M lines, 1037770 records, 632 matched, 228178 lines/sec (29.2 min)
  405M lines, 1048339 records, 650 matched, 228386 lines/sec (29.6 min)
  410M lines, 1059435 records, 679 matched, 228424 lines/sec (29.9 min)
  415M lines, 1070763 records, 712 matched, 228323 lines/sec (30.3 min)
  420M lines, 1083158 records, 742 matched, 227595 lines/sec (30.8 min)
  425M lines, 1095840 records, 773 matched, 226754 lines/sec (31.2 min)
  430M lines, 1109192 records, 811 matched, 225906 lines/sec (31.7 min)
  435M lines, 1122431 records, 830 matched, 225262 lines/sec (32.2 min)
  440M lines, 1135887 records, 868 matched, 224902 lines/sec (32.6 min)
  445M lines, 1146121 records, 876 matched, 224984 lines/sec (33.0 min)
  450M lines, 1156116 records, 898 matched, 225116 lines/sec (33.3 min)
  455M lines, 1167345 records, 928 matched, 224949 lines/sec (33.7 min)
  460M lines, 1178631 records, 941 matched, 224887 lines/sec (34.1 min)
  465M lines, 1190209 records, 950 matched, 224714 lines/sec (34.5 min)
  470M lines, 1201515 records, 970 matched, 224578 lines/sec (34.9 min)
  475M lines, 1211546 records, 980 matched, 224676 lines/sec (35.2 min)
  480M lines, 1219998 records, 989 matched, 225207 lines/sec (35.5 min)
  1000 records matched, 1225519 records scanned (35.8 min)
  485M lines, 1228696 records, 1005 matched, 225446 lines/sec (35.9 min)
  490M lines, 1238056 records, 1014 matched, 225485 lines/sec (36.2 min)
  495M lines, 1248928 records, 1036 matched, 225983 lines/sec (36.5 min)
  500M lines, 1260267 records, 1056 matched, 225538 lines/sec (36.9 min)
  505M lines, 1271217 records, 1076 matched, 225412 lines/sec (37.3 min)
  510M lines, 1281988 records, 1096 matched, 225277 lines/sec (37.7 min)
  515M lines, 1293000 records, 1116 matched, 225025 lines/sec (38.1 min)
  520M lines, 1304353 records, 1135 matched, 225082 lines/sec (38.5 min)
  525M lines, 1314758 records, 1153 matched, 224627 lines/sec (39.0 min)
  530M lines, 1356914 records, 1173 matched, 222837 lines/sec (39.6 min)
  535M lines, 1415042 records, 1185 matched, 220622 lines/sec (40.4 min)
  540M lines, 1456996 records, 1189 matched, 218784 lines/sec (41.1 min)
  545M lines, 1522525 records, 1195 matched, 215595 lines/sec (42.1 min)
  550M lines, 1594273 records, 1212 matched, 210758 lines/sec (43.5 min)
  555M lines, 1640908 records, 1218 matched, 210040 lines/sec (44.0 min)
  560M lines, 1686926 records, 1223 matched, 209339 lines/sec (44.6 min)
  565M lines, 1755128 records, 1232 matched, 208058 lines/sec (45.3 min)
  570M lines, 1828311 records, 1256 matched, 205024 lines/sec (46.3 min)
  575M lines, 1860942 records, 1313 matched, 203968 lines/sec (47.0 min)
  580M lines, 1896959 records, 1330 matched, 202763 lines/sec (47.7 min)
  585M lines, 1922770 records, 1345 matched, 202439 lines/sec (48.2 min)
  590M lines, 1959288 records, 1360 matched, 201143 lines/sec (48.9 min)
  595M lines, 2000059 records, 1366 matched, 198979 lines/sec (49.8 min)
  600M lines, 2021150 records, 1372 matched, 198483 lines/sec (50.4 min)
  605M lines, 2059806 records, 1398 matched, 197620 lines/sec (51.0 min)
  610M lines, 2120422 records, 1415 matched, 195857 lines/sec (51.9 min)
  615M lines, 2190162 records, 1449 matched, 193796 lines/sec (52.9 min)
  620M lines, 2248463 records, 1474 matched, 192198 lines/sec (53.8 min)
  625M lines, 2291438 records, 1478 matched, 191393 lines/sec (54.4 min)
  1500 records matched, 2314052 records scanned (54.9 min)
  630M lines, 2338970 records, 1523 matched, 189845 lines/sec (55.3 min)
  635M lines, 2380089 records, 1562 matched, 188275 lines/sec (56.2 min)
  640M lines, 2388174 records, 1574 matched, 188821 lines/sec (56.5 min)
  645M lines, 2400584 records, 1578 matched, 189148 lines/sec (56.8 min)
  650M lines, 2412960 records, 1578 matched, 189455 lines/sec (57.2 min)
  655M lines, 2442572 records, 1583 matched, 188521 lines/sec (57.9 min)
  660M lines, 2462954 records, 1583 matched, 188852 lines/sec (58.2 min)
  665M lines, 2478641 records, 1589 matched, 189277 lines/sec (58.6 min)
  670M lines, 2497986 records, 1635 matched, 189352 lines/sec (59.0 min)
  675M lines, 2516245 records, 1642 matched, 189623 lines/sec (59.3 min)
  680M lines, 2534743 records, 1677 matched, 189837 lines/sec (59.7 min)
  685M lines, 2556689 records, 1793 matched, 189631 lines/sec (60.2 min)
  690M lines, 2569041 records, 1796 matched, 189917 lines/sec (60.6 min)
  695M lines, 2625718 records, 1819 matched, 187662 lines/sec (61.7 min)
  700M lines, 2660852 records, 1831 matched, 186837 lines/sec (62.4 min)
  705M lines, 2717224 records, 1855 matched, 185910 lines/sec (63.2 min)
  710M lines, 2744480 records, 1861 matched, 185464 lines/sec (63.8 min)
  715M lines, 2754725 records, 1863 matched, 185878 lines/sec (64.1 min)
  720M lines, 2767103 records, 1865 matched, 186327 lines/sec (64.4 min)
  725M lines, 2780607 records, 1872 matched, 186683 lines/sec (64.7 min)
  730M lines, 2806119 records, 1890 matched, 185937 lines/sec (65.4 min)
  735M lines, 2825130 records, 1896 matched, 186190 lines/sec (65.8 min)
  740M lines, 2839315 records, 1900 matched, 186579 lines/sec (66.1 min)
  745M lines, 2867641 records, 1942 matched, 186334 lines/sec (66.6 min)
  750M lines, 2886762 records, 1943 matched, 185581 lines/sec (67.4 min)
  755M lines, 2908545 records, 1946 matched, 185108 lines/sec (68.0 min)
  760M lines, 2926461 records, 1949 matched, 185303 lines/sec (68.4 min)
  765M lines, 2941021 records, 1950 matched, 185600 lines/sec (68.7 min)
  770M lines, 2952656 records, 1953 matched, 186106 lines/sec (69.0 min)
  775M lines, 2972001 records, 1961 matched, 186263 lines/sec (69.3 min)
  780M lines, 2986899 records, 1964 matched, 186450 lines/sec (69.7 min)
  785M lines, 3008516 records, 1969 matched, 186509 lines/sec (70.1 min)
  790M lines, 3092994 records, 1978 matched, 185389 lines/sec (71.0 min)
  795M lines, 3116950 records, 1990 matched, 185474 lines/sec (71.4 min)
  800M lines, 3133394 records, 1993 matched, 185869 lines/sec (71.7 min)
  805M lines, 3143389 records, 1997 matched, 186491 lines/sec (71.9 min)
  2000 records matched, 3150868 records scanned (72.1 min)
  810M lines, 3155351 records, 2001 matched, 187060 lines/sec (72.2 min)
  815M lines, 3165692 records, 2001 matched, 187624 lines/sec (72.4 min)
  820M lines, 3176556 records, 2004 matched, 188173 lines/sec (72.6 min)
  825M lines, 3188092 records, 2007 matched, 188707 lines/sec (72.9 min)
  830M lines, 3202451 records, 2014 matched, 189286 lines/sec (73.1 min)
  835M lines, 3217519 records, 2040 matched, 189496 lines/sec (73.4 min)
  840M lines, 3233988 records, 2122 matched, 189639 lines/sec (73.8 min)
  845M lines, 3247724 records, 2144 matched, 189953 lines/sec (74.1 min)
  850M lines, 3257531 records, 2157 matched, 190378 lines/sec (74.4 min)
  855M lines, 3263070 records, 2160 matched, 190928 lines/sec (74.6 min)
  860M lines, 3273137 records, 2169 matched, 191386 lines/sec (74.9 min)
  865M lines, 3286179 records, 2186 matched, 191681 lines/sec (75.2 min)
  870M lines, 3298797 records, 2190 matched, 192022 lines/sec (75.5 min)
  875M lines, 3311927 records, 2193 matched, 192295 lines/sec (75.8 min)
  880M lines, 3328532 records, 2204 matched, 192423 lines/sec (76.2 min)
  885M lines, 3344047 records, 2207 matched, 192693 lines/sec (76.5 min)
  890M lines, 3356367 records, 2210 matched, 193028 lines/sec (76.8 min)
  895M lines, 3365988 records, 2212 matched, 193374 lines/sec (77.1 min)
  900M lines, 3374405 records, 2214 matched, 193724 lines/sec (77.4 min)
  905M lines, 3383283 records, 2218 matched, 194059 lines/sec (77.7 min)
  910M lines, 3391951 records, 2218 matched, 194376 lines/sec (78.0 min)
  915M lines, 3400594 records, 2219 matched, 194717 lines/sec (78.3 min)
  920M lines, 3409119 records, 2219 matched, 195102 lines/sec (78.6 min)
  925M lines, 3416870 records, 2220 matched, 195489 lines/sec (78.9 min)
  930M lines, 3424854 records, 2224 matched, 195877 lines/sec (79.1 min)
  935M lines, 3434527 records, 2226 matched, 196294 lines/sec (79.4 min)
  940M lines, 3443979 records, 2229 matched, 196666 lines/sec (79.7 min)
  945M lines, 3452402 records, 2233 matched, 197094 lines/sec (79.9 min)
  950M lines, 3459683 records, 2235 matched, 197462 lines/sec (80.2 min)
  955M lines, 3466609 records, 2236 matched, 197885 lines/sec (80.4 min)
  960M lines, 3473006 records, 2247 matched, 198272 lines/sec (80.7 min)
  965M lines, 3482169 records, 2250 matched, 198769 lines/sec (80.9 min)
  970M lines, 3492059 records, 2264 matched, 199207 lines/sec (81.2 min)
  975M lines, 3501408 records, 2281 matched, 199611 lines/sec (81.4 min)
  980M lines, 3512408 records, 2304 matched, 199844 lines/sec (81.7 min)
  985M lines, 3522755 records, 2324 matched, 200043 lines/sec (82.1 min)
  990M lines, 3533056 records, 2341 matched, 200346 lines/sec (82.4 min)
  995M lines, 3543140 records, 2359 matched, 200586 lines/sec (82.7 min)
  1000M lines, 3553600 records, 2375 matched, 200767 lines/sec (83.0 min)
  1005M lines, 3561449 records, 2400 matched, 201004 lines/sec (83.3 min)
  1010M lines, 3571598 records, 2419 matched, 201162 lines/sec (83.7 min)
  1015M lines, 3584340 records, 2440 matched, 201270 lines/sec (84.0 min)
  1020M lines, 3596279 records, 2470 matched, 201463 lines/sec (84.4 min)
  1025M lines, 3608323 records, 2493 matched, 201639 lines/sec (84.7 min)
  2500 records matched, 3611413 records scanned (84.8 min)
  1030M lines, 3621428 records, 2523 matched, 201746 lines/sec (85.1 min)
  1035M lines, 3636699 records, 2561 matched, 201508 lines/sec (85.6 min)
  1040M lines, 3655318 records, 2607 matched, 201202 lines/sec (86.1 min)
  1045M lines, 3671799 records, 2658 matched, 201104 lines/sec (86.6 min)
  1050M lines, 3682950 records, 2692 matched, 201295 lines/sec (86.9 min)
  1055M lines, 3694262 records, 2718 matched, 201515 lines/sec (87.3 min)
  1060M lines, 3706264 records, 2768 matched, 201720 lines/sec (87.6 min)
  1065M lines, 3720709 records, 2827 matched, 201848 lines/sec (87.9 min)
  1070M lines, 3733073 records, 2846 matched, 202039 lines/sec (88.3 min)
  1075M lines, 3743978 records, 2865 matched, 202373 lines/sec (88.5 min)
  1080M lines, 3762774 records, 2937 matched, 202331 lines/sec (89.0 min)
  1085M lines, 3772160 records, 2955 matched, 202581 lines/sec (89.3 min)
  1090M lines, 3781222 records, 2989 matched, 202810 lines/sec (89.6 min)
  3000 records matched, 3784864 records scanned (89.7 min)
  1095M lines, 3796662 records, 3035 matched, 202778 lines/sec (90.0 min)
  1100M lines, 3811389 records, 3062 matched, 202833 lines/sec (90.4 min)
  1105M lines, 3822139 records, 3077 matched, 203033 lines/sec (90.7 min)
  1110M lines, 3829388 records, 3098 matched, 203291 lines/sec (91.0 min)
  1115M lines, 3839190 records, 3123 matched, 203502 lines/sec (91.3 min)
  1120M lines, 3856520 records, 3170 matched, 203591 lines/sec (91.7 min)
  1125M lines, 3869030 records, 3196 matched, 203910 lines/sec (92.0 min)
  1130M lines, 3885266 records, 3199 matched, 204059 lines/sec (92.3 min)
  1135M lines, 3904016 records, 3200 matched, 204280 lines/sec (92.6 min)
  1140M lines, 3922891 records, 3205 matched, 204472 lines/sec (92.9 min)
  1145M lines, 3944075 records, 3211 matched, 204670 lines/sec (93.2 min)
  1150M lines, 3965934 records, 3212 matched, 204854 lines/sec (93.6 min)
  1155M lines, 3982053 records, 3213 matched, 205044 lines/sec (93.9 min)
  1160M lines, 3992261 records, 3219 matched, 204643 lines/sec (94.5 min)
  1165M lines, 4004302 records, 3229 matched, 204521 lines/sec (94.9 min)
  1170M lines, 4014387 records, 3233 matched, 204246 lines/sec (95.5 min)
  1175M lines, 4024180 records, 3235 matched, 203935 lines/sec (96.0 min)
  1180M lines, 4035034 records, 3240 matched, 203596 lines/sec (96.6 min)
  1185M lines, 4046849 records, 3250 matched, 203367 lines/sec (97.1 min)
  1190M lines, 4060312 records, 3287 matched, 202914 lines/sec (97.7 min)
  1195M lines, 4069867 records, 3314 matched, 202695 lines/sec (98.3 min)
  1200M lines, 4082889 records, 3329 matched, 202215 lines/sec (98.9 min)
  1205M lines, 4087782 records, 3352 matched, 201927 lines/sec (99.5 min)
  1210M lines, 4094459 records, 3366 matched, 201772 lines/sec (99.9 min)
  1215M lines, 4118927 records, 3368 matched, 201341 lines/sec (100.6 min)
  1220M lines, 4148746 records, 3369 matched, 200838 lines/sec (101.2 min)
  1225M lines, 4192210 records, 3371 matched, 199924 lines/sec (102.1 min)
  1230M lines, 4231946 records, 3381 matched, 199065 lines/sec (103.0 min)
  1235M lines, 4282583 records, 3389 matched, 197478 lines/sec (104.2 min)
  1240M lines, 4336676 records, 3434 matched, 194563 lines/sec (106.2 min)
  3500 records matched, 4366015 records scanned (107.7 min)
  1245M lines, 4396904 records, 3761 matched, 190306 lines/sec (109.0 min)
  4000 records matched, 4439629 records scanned (110.8 min)
  1250M lines, 4478527 records, 4219 matched, 185367 lines/sec (112.4 min)
  4500 records matched, 4549373 records scanned (115.1 min)
  1255M lines, 4556497 records, 4505 matched, 181397 lines/sec (115.3 min)
  1260M lines, 4639603 records, 4520 matched, 178289 lines/sec (117.8 min)
  1265M lines, 4671818 records, 4529 matched, 177535 lines/sec (118.8 min)
  1270M lines, 4736103 records, 4541 matched, 176001 lines/sec (120.3 min)
  1275M lines, 4778239 records, 4553 matched, 175106 lines/sec (121.4 min)
  1280M lines, 4836384 records, 4555 matched, 174155 lines/sec (122.5 min)
  1285M lines, 4980447 records, 4569 matched, 90716 lines/sec (236.1 min)
  1290M lines, 5085616 records, 4581 matched, 90255 lines/sec (238.2 min)
  1295M lines, 5194023 records, 4594 matched, 90109 lines/sec (239.5 min)
  1300M lines, 5243750 records, 4595 matched, 90354 lines/sec (239.8 min)
  1305M lines, 5319770 records, 4698 matched, 90238 lines/sec (241.0 min)
  1310M lines, 5346579 records, 4707 matched, 90316 lines/sec (241.7 min)
  1315M lines, 5361098 records, 4732 matched, 90471 lines/sec (242.3 min)
  1320M lines, 5447440 records, 4801 matched, 90193 lines/sec (243.9 min)
  1325M lines, 5599994 records, 4808 matched, 89056 lines/sec (248.0 min)
  1330M lines, 5651960 records, 4834 matched, 88989 lines/sec (249.1 min)
  1335M lines, 5677505 records, 4860 matched, 89070 lines/sec (249.8 min)
  1340M lines, 5697786 records, 4872 matched, 89139 lines/sec (250.5 min)
  1345M lines, 5718799 records, 4880 matched, 89172 lines/sec (251.4 min)
  1350M lines, 5733199 records, 4903 matched, 89214 lines/sec (252.2 min)
  1355M lines, 5743175 records, 4907 matched, 89361 lines/sec (252.7 min)
  1360M lines, 5751195 records, 4907 matched, 89512 lines/sec (253.2 min)
  1365M lines, 5775613 records, 4908 matched, 89461 lines/sec (254.3 min)
  1370M lines, 5855138 records, 4975 matched, 89014 lines/sec (256.5 min)
  1375M lines, 6000903 records, 4994 matched, 88209 lines/sec (259.8 min)
  5000 records matched, 6039145 records scanned (260.8 min)
  1380M lines, 6150285 records, 5052 matched, 87804 lines/sec (261.9 min)
  1385M lines, 6197139 records, 5057 matched, 87499 lines/sec (263.8 min)
  1390M lines, 6211106 records, 5063 matched, 87624 lines/sec (264.4 min)
  1395M lines, 6222290 records, 5070 matched, 87791 lines/sec (264.8 min)
  1400M lines, 6233086 records, 5074 matched, 87941 lines/sec (265.3 min)
  1405M lines, 6244892 records, 5078 matched, 88085 lines/sec (265.8 min)
  1410M lines, 6257778 records, 5092 matched, 88213 lines/sec (266.4 min)
  1415M lines, 6270612 records, 5117 matched, 88316 lines/sec (267.0 min)
  1420M lines, 6283846 records, 5128 matched, 88402 lines/sec (267.7 min)
  1425M lines, 6295951 records, 5134 matched, 88473 lines/sec (268.4 min)
  1430M lines, 6333989 records, 5163 matched, 87922 lines/sec (271.1 min)
  1435M lines, 6372466 records, 5227 matched, 87421 lines/sec (273.6 min)
  1440M lines, 6400083 records, 5319 matched, 87207 lines/sec (275.2 min)
  1445M lines, 6412001 records, 5323 matched, 87151 lines/sec (276.3 min)
  1450M lines, 6431167 records, 5340 matched, 86999 lines/sec (277.8 min)
  1455M lines, 6452275 records, 5349 matched, 86951 lines/sec (278.9 min)
  1460M lines, 6476301 records, 5425 matched, 86798 lines/sec (280.3 min)
  1465M lines, 6496740 records, 5433 matched, 86734 lines/sec (281.5 min)
  1470M lines, 6524144 records, 5440 matched, 86571 lines/sec (283.0 min)
  5500 records matched, 6539346 records scanned (283.8 min)
  1475M lines, 6551123 records, 5529 matched, 86478 lines/sec (284.3 min)
  1480M lines, 6584591 records, 5664 matched, 86378 lines/sec (285.6 min)
  1485M lines, 6599734 records, 5671 matched, 86478 lines/sec (286.2 min)
  1490M lines, 6615394 records, 5676 matched, 86568 lines/sec (286.9 min)
  1495M lines, 6629930 records, 5684 matched, 86693 lines/sec (287.4 min)
  1500M lines, 6657068 records, 5711 matched, 86744 lines/sec (288.2 min)
  1505M lines, 6687334 records, 5725 matched, 86819 lines/sec (288.9 min)
  1510M lines, 6720391 records, 5751 matched, 86881 lines/sec (289.7 min)
  1515M lines, 6736449 records, 5752 matched, 86987 lines/sec (290.3 min)
  1520M lines, 6760523 records, 5763 matched, 87067 lines/sec (291.0 min)
  1525M lines, 6791384 records, 5768 matched, 87074 lines/sec (291.9 min)
  1530M lines, 6834340 records, 5780 matched, 87000 lines/sec (293.1 min)
  1535M lines, 6872238 records, 5790 matched, 86942 lines/sec (294.3 min)
  1540M lines, 6930950 records, 5820 matched, 86813 lines/sec (295.7 min)
  1545M lines, 7008815 records, 5840 matched, 86462 lines/sec (297.8 min)
  1550M lines, 7064602 records, 5876 matched, 86273 lines/sec (299.4 min)
  1555M lines, 7076149 records, 5879 matched, 86373 lines/sec (300.1 min)
  1560M lines, 7087971 records, 5881 matched, 86477 lines/sec (300.7 min)
  1565M lines, 7097762 records, 5883 matched, 86643 lines/sec (301.0 min)
  1570M lines, 7108556 records, 5886 matched, 86824 lines/sec (301.4 min)
  1575M lines, 7117266 records, 5889 matched, 87006 lines/sec (301.7 min)
  1580M lines, 7125082 records, 5895 matched, 87196 lines/sec (302.0 min)
  1585M lines, 7132682 records, 5900 matched, 87390 lines/sec (302.3 min)
  1590M lines, 7141891 records, 5901 matched, 87517 lines/sec (302.8 min)
  1595M lines, 7151614 records, 5901 matched, 87653 lines/sec (303.3 min)
  1600M lines, 7160754 records, 5907 matched, 87753 lines/sec (303.9 min)
  1605M lines, 7172269 records, 5909 matched, 87881 lines/sec (304.4 min)
  1610M lines, 7185708 records, 5916 matched, 88049 lines/sec (304.8 min)
  1615M lines, 7200700 records, 5920 matched, 88224 lines/sec (305.1 min)
  1620M lines, 7215931 records, 5925 matched, 88335 lines/sec (305.7 min)
  1625M lines, 7233545 records, 5927 matched, 88431 lines/sec (306.3 min)
  1630M lines, 7247879 records, 5930 matched, 88584 lines/sec (306.7 min)
  1635M lines, 7261290 records, 5931 matched, 88768 lines/sec (307.0 min)
  1640M lines, 7284499 records, 5934 matched, 88929 lines/sec (307.4 min)
  1645M lines, 7304793 records, 5938 matched, 89101 lines/sec (307.7 min)
  1650M lines, 7322816 records, 5945 matched, 89288 lines/sec (308.0 min)
  1655M lines, 7333847 records, 5948 matched, 89485 lines/sec (308.2 min)
  1660M lines, 7343676 records, 5952 matched, 89687 lines/sec (308.5 min)
  1665M lines, 7355362 records, 5953 matched, 89882 lines/sec (308.7 min)
  1670M lines, 7366893 records, 5964 matched, 90075 lines/sec (309.0 min)
  1675M lines, 7383835 records, 5970 matched, 90243 lines/sec (309.3 min)
  1680M lines, 7401450 records, 5974 matched, 90394 lines/sec (309.8 min)
  1685M lines, 7413723 records, 5978 matched, 90560 lines/sec (310.1 min)
  1690M lines, 7426724 records, 5983 matched, 90741 lines/sec (310.4 min)
  1695M lines, 7436306 records, 5985 matched, 90938 lines/sec (310.7 min)
  1700M lines, 7444344 records, 5988 matched, 91135 lines/sec (310.9 min)
  1705M lines, 7453653 records, 5992 matched, 91325 lines/sec (311.2 min)
  1710M lines, 7463415 records, 5995 matched, 91525 lines/sec (311.4 min)
  1715M lines, 7473641 records, 5997 matched, 91717 lines/sec (311.6 min)
  6000 records matched, 7481225 records scanned (311.8 min)
  1720M lines, 7485167 records, 6001 matched, 91906 lines/sec (311.9 min)
  1725M lines, 7495199 records, 6004 matched, 92097 lines/sec (312.2 min)
  1730M lines, 7503207 records, 6007 matched, 92300 lines/sec (312.4 min)
  1735M lines, 7510914 records, 6009 matched, 92506 lines/sec (312.6 min)
  1740M lines, 7518737 records, 6010 matched, 92708 lines/sec (312.8 min)
  1745M lines, 7524524 records, 6010 matched, 92919 lines/sec (313.0 min)
  1750M lines, 7531358 records, 6010 matched, 93124 lines/sec (313.2 min)
  1755M lines, 7548150 records, 6019 matched, 93297 lines/sec (313.5 min)
  1760M lines, 7571349 records, 6020 matched, 93446 lines/sec (313.9 min)
  1765M lines, 7592211 records, 6029 matched, 93607 lines/sec (314.3 min)
  1770M lines, 7605910 records, 6031 matched, 93795 lines/sec (314.5 min)
  1775M lines, 7617600 records, 6038 matched, 93978 lines/sec (314.8 min)
  1780M lines, 7631885 records, 6044 matched, 94153 lines/sec (315.1 min)
  1785M lines, 7651503 records, 6050 matched, 94325 lines/sec (315.4 min)
  1790M lines, 7660682 records, 6056 matched, 94509 lines/sec (315.7 min)
  1795M lines, 7694224 records, 6064 matched, 94617 lines/sec (316.2 min)
  1800M lines, 7722170 records, 6075 matched, 94721 lines/sec (316.7 min)
  1805M lines, 7738127 records, 6077 matched, 94854 lines/sec (317.2 min)
  1810M lines, 7752867 records, 6083 matched, 95008 lines/sec (317.5 min)
  1815M lines, 7768147 records, 6100 matched, 95152 lines/sec (317.9 min)
  1820M lines, 7790252 records, 6108 matched, 95288 lines/sec (318.3 min)
  1825M lines, 7824624 records, 6187 matched, 95345 lines/sec (319.0 min)
  1830M lines, 7861982 records, 6206 matched, 95363 lines/sec (319.8 min)
  1835M lines, 7872907 records, 6212 matched, 95498 lines/sec (320.3 min)
  1840M lines, 7883933 records, 6224 matched, 95633 lines/sec (320.7 min)
  1845M lines, 7894151 records, 6228 matched, 95764 lines/sec (321.1 min)
  1850M lines, 7903753 records, 6231 matched, 95894 lines/sec (321.5 min)
  1855M lines, 7912210 records, 6236 matched, 96000 lines/sec (322.0 min)
  1860M lines, 7921920 records, 6241 matched, 96079 lines/sec (322.7 min)
  1865M lines, 7934487 records, 6262 matched, 96162 lines/sec (323.2 min)
  1870M lines, 7946773 records, 6268 matched, 96261 lines/sec (323.8 min)
  1875M lines, 7959473 records, 6281 matched, 96330 lines/sec (324.4 min)
  1880M lines, 7970392 records, 6306 matched, 96417 lines/sec (325.0 min)
  1885M lines, 7980546 records, 6321 matched, 96530 lines/sec (325.5 min)
  1890M lines, 7992631 records, 6325 matched, 96604 lines/sec (326.1 min)
  1895M lines, 8002882 records, 6330 matched, 96682 lines/sec (326.7 min)
  1900M lines, 8014863 records, 6339 matched, 96762 lines/sec (327.3 min)
  1905M lines, 8027363 records, 6345 matched, 96871 lines/sec (327.8 min)
  1910M lines, 8040695 records, 6350 matched, 97002 lines/sec (328.2 min)
  1915M lines, 8059785 records, 6361 matched, 97078 lines/sec (328.8 min)
  1920M lines, 8079862 records, 6379 matched, 97174 lines/sec (329.3 min)
  1925M lines, 8097601 records, 6390 matched, 97318 lines/sec (329.7 min)
  1930M lines, 8110659 records, 6393 matched, 97493 lines/sec (329.9 min)
  1935M lines, 8120163 records, 6401 matched, 97666 lines/sec (330.2 min)
  1940M lines, 8132718 records, 6417 matched, 97829 lines/sec (330.5 min)
  1945M lines, 8143785 records, 6432 matched, 97986 lines/sec (330.8 min)
  1950M lines, 8156038 records, 6442 matched, 98139 lines/sec (331.2 min)
  1955M lines, 8166500 records, 6459 matched, 98287 lines/sec (331.5 min)
  1960M lines, 8174785 records, 6470 matched, 98356 lines/sec (332.1 min)
  1965M lines, 8182703 records, 6477 matched, 98314 lines/sec (333.1 min)
  1970M lines, 8190965 records, 6486 matched, 98445 lines/sec (333.5 min)
  1975M lines, 8198410 records, 6490 matched, 98601 lines/sec (333.8 min)
  1980M lines, 8206408 records, 6497 matched, 98757 lines/sec (334.2 min)
  6500 records matched, 8207303 records scanned (334.2 min)
  1985M lines, 8215298 records, 6518 matched, 98912 lines/sec (334.5 min)
  1990M lines, 8225545 records, 6528 matched, 99075 lines/sec (334.8 min)
  1995M lines, 8234118 records, 6548 matched, 99247 lines/sec (335.0 min)
  2000M lines, 8244212 records, 6574 matched, 99412 lines/sec (335.3 min)
  2005M lines, 8253344 records, 6596 matched, 99586 lines/sec (335.6 min)
  2010M lines, 8263656 records, 6607 matched, 99747 lines/sec (335.9 min)
  2015M lines, 8273917 records, 6645 matched, 99910 lines/sec (336.1 min)
  2020M lines, 8287384 records, 6678 matched, 100058 lines/sec (336.5 min)
  2025M lines, 8300058 records, 6684 matched, 100224 lines/sec (336.7 min)
  2030M lines, 8311706 records, 6691 matched, 100389 lines/sec (337.0 min)
  2035M lines, 8323926 records, 6722 matched, 100549 lines/sec (337.3 min)
  2040M lines, 8335457 records, 6733 matched, 100713 lines/sec (337.6 min)
  2045M lines, 8344651 records, 6744 matched, 100885 lines/sec (337.8 min)
  2050M lines, 8357601 records, 6746 matched, 101059 lines/sec (338.1 min)
  2055M lines, 8368654 records, 6768 matched, 101203 lines/sec (338.4 min)
  2060M lines, 8376297 records, 6781 matched, 101358 lines/sec (338.7 min)
  2065M lines, 8384163 records, 6788 matched, 101514 lines/sec (339.0 min)
  2070M lines, 8394042 records, 6813 matched, 101636 lines/sec (339.4 min)
  2075M lines, 8401700 records, 6836 matched, 101762 lines/sec (339.8 min)
  2080M lines, 8409417 records, 6844 matched, 101912 lines/sec (340.2 min)
  2085M lines, 8418435 records, 6859 matched, 102060 lines/sec (340.5 min)
  2090M lines, 8427039 records, 6875 matched, 102206 lines/sec (340.8 min)
  2095M lines, 8439072 records, 6889 matched, 102363 lines/sec (341.1 min)
  2100M lines, 8449108 records, 6894 matched, 102527 lines/sec (341.4 min)
  2105M lines, 8460152 records, 6906 matched, 102679 lines/sec (341.7 min)
  2110M lines, 8472946 records, 6923 matched, 102823 lines/sec (342.0 min)
  2115M lines, 8484163 records, 6937 matched, 102973 lines/sec (342.3 min)
  2120M lines, 8498813 records, 6956 matched, 103121 lines/sec (342.6 min)
  2125M lines, 8513651 records, 6969 matched, 103269 lines/sec (343.0 min)
  2130M lines, 8527862 records, 6989 matched, 103421 lines/sec (343.3 min)
  7000 records matched, 8539992 records scanned (343.6 min)
  2135M lines, 8541011 records, 7001 matched, 103539 lines/sec (343.7 min)
  2140M lines, 8552464 records, 7017 matched, 103678 lines/sec (344.0 min)
  2145M lines, 8565429 records, 7045 matched, 103793 lines/sec (344.4 min)
  2150M lines, 8579562 records, 7066 matched, 103896 lines/sec (344.9 min)
  2155M lines, 8590766 records, 7091 matched, 104011 lines/sec (345.3 min)
  2160M lines, 8602261 records, 7112 matched, 104125 lines/sec (345.7 min)
  2165M lines, 8613113 records, 7125 matched, 104248 lines/sec (346.1 min)
  2170M lines, 8624047 records, 7146 matched, 104378 lines/sec (346.5 min)
  2175M lines, 8635637 records, 7158 matched, 104501 lines/sec (346.9 min)
  2180M lines, 8645759 records, 7177 matched, 104622 lines/sec (347.3 min)
  2185M lines, 8655569 records, 7195 matched, 104751 lines/sec (347.7 min)
  2190M lines, 8665873 records, 7210 matched, 104877 lines/sec (348.0 min)
  2195M lines, 8679018 records, 7246 matched, 104979 lines/sec (348.5 min)
  2200M lines, 8690263 records, 7271 matched, 105101 lines/sec (348.9 min)
  2205M lines, 8701131 records, 7302 matched, 105216 lines/sec (349.3 min)
  2210M lines, 8711724 records, 7336 matched, 105336 lines/sec (349.7 min)
  2215M lines, 8723889 records, 7355 matched, 105446 lines/sec (350.1 min)
  2220M lines, 8736949 records, 7391 matched, 105544 lines/sec (350.6 min)
  2225M lines, 8751081 records, 7436 matched, 105636 lines/sec (351.0 min)
  2230M lines, 8762504 records, 7471 matched, 105742 lines/sec (351.5 min)
  2235M lines, 8771344 records, 7493 matched, 105860 lines/sec (351.9 min)
  7500 records matched, 8772953 records scanned (352.0 min)
  2240M lines, 8780260 records, 7520 matched, 105977 lines/sec (352.3 min)
  2245M lines, 8789530 records, 7540 matched, 106091 lines/sec (352.7 min)
  2250M lines, 8799332 records, 7566 matched, 106201 lines/sec (353.1 min)
  2255M lines, 8810339 records, 7593 matched, 106305 lines/sec (353.5 min)
  2260M lines, 8822534 records, 7626 matched, 106399 lines/sec (354.0 min)
  2265M lines, 8835173 records, 7657 matched, 106491 lines/sec (354.5 min)
  2270M lines, 8846352 records, 7691 matched, 106586 lines/sec (355.0 min)
  2275M lines, 8857054 records, 7716 matched, 106690 lines/sec (355.4 min)
  2280M lines, 8866271 records, 7741 matched, 106801 lines/sec (355.8 min)
  2285M lines, 8877150 records, 7758 matched, 106911 lines/sec (356.2 min)
  2290M lines, 8886818 records, 7779 matched, 107035 lines/sec (356.6 min)
  2295M lines, 8896737 records, 7793 matched, 107144 lines/sec (357.0 min)
  2300M lines, 8906994 records, 7809 matched, 107253 lines/sec (357.4 min)
  2305M lines, 8918717 records, 7839 matched, 107365 lines/sec (357.8 min)
  2310M lines, 8928943 records, 7860 matched, 107474 lines/sec (358.2 min)
  2315M lines, 8939174 records, 7879 matched, 107580 lines/sec (358.6 min)
  2320M lines, 8952038 records, 7901 matched, 107590 lines/sec (359.4 min)
  2325M lines, 8962031 records, 7920 matched, 107649 lines/sec (360.0 min)
  2330M lines, 8971467 records, 7955 matched, 107730 lines/sec (360.5 min)
  2335M lines, 8981730 records, 7980 matched, 107810 lines/sec (361.0 min)
  8000 records matched, 8987494 records scanned (361.2 min)
  2340M lines, 8992879 records, 8008 matched, 107887 lines/sec (361.5 min)
  2345M lines, 9004090 records, 8039 matched, 107958 lines/sec (362.0 min)
  2350M lines, 9013634 records, 8068 matched, 108043 lines/sec (362.5 min)
  2355M lines, 9023720 records, 8102 matched, 108129 lines/sec (363.0 min)
  2360M lines, 9032439 records, 8122 matched, 108222 lines/sec (363.4 min)
  2365M lines, 9042402 records, 8150 matched, 108320 lines/sec (363.9 min)
  2370M lines, 9052015 records, 8170 matched, 108410 lines/sec (364.4 min)
  2375M lines, 9060767 records, 8190 matched, 108503 lines/sec (364.8 min)
  2380M lines, 9070100 records, 8204 matched, 108615 lines/sec (365.2 min)
  2385M lines, 9077971 records, 8216 matched, 108729 lines/sec (365.6 min)
  2390M lines, 9087532 records, 8240 matched, 108826 lines/sec (366.0 min)
  2395M lines, 9095641 records, 8247 matched, 108939 lines/sec (366.4 min)
  2400M lines, 9101148 records, 8255 matched, 109058 lines/sec (366.8 min)
  2405M lines, 9109781 records, 8268 matched, 109172 lines/sec (367.2 min)
  2410M lines, 9117262 records, 8275 matched, 109295 lines/sec (367.5 min)
  2415M lines, 9125353 records, 8299 matched, 109413 lines/sec (367.9 min)
  2420M lines, 9133213 records, 8316 matched, 109532 lines/sec (368.2 min)
  2425M lines, 9142159 records, 8334 matched, 109654 lines/sec (368.6 min)
  2430M lines, 9150394 records, 8343 matched, 109781 lines/sec (368.9 min)
  2435M lines, 9157765 records, 8358 matched, 109895 lines/sec (369.3 min)
  2440M lines, 9165798 records, 8374 matched, 110011 lines/sec (369.7 min)
  2445M lines, 9176457 records, 8388 matched, 110123 lines/sec (370.0 min)
  2450M lines, 9186572 records, 8400 matched, 110242 lines/sec (370.4 min)
  2455M lines, 9195357 records, 8406 matched, 110357 lines/sec (370.8 min)
  2460M lines, 9206472 records, 8418 matched, 110460 lines/sec (371.2 min)
  2465M lines, 9215721 records, 8448 matched, 110548 lines/sec (371.6 min)
  2470M lines, 9228752 records, 8466 matched, 110652 lines/sec (372.0 min)
  2475M lines, 9240648 records, 8484 matched, 110775 lines/sec (372.4 min)
  2480M lines, 9250235 records, 8494 matched, 110917 lines/sec (372.7 min)
  8500 records matched, 9252890 records scanned (372.7 min)
  2485M lines, 9257992 records, 8515 matched, 111068 lines/sec (372.9 min)
  2490M lines, 9265898 records, 8529 matched, 111219 lines/sec (373.1 min)
  2495M lines, 9273188 records, 8543 matched, 111370 lines/sec (373.4 min)
  2500M lines, 9280890 records, 8561 matched, 111521 lines/sec (373.6 min)
  2505M lines, 9289885 records, 8579 matched, 111668 lines/sec (373.9 min)
  2510M lines, 9298469 records, 8580 matched, 111807 lines/sec (374.2 min)
  2515M lines, 9308791 records, 8583 matched, 111954 lines/sec (374.4 min)
  2520M lines, 9319785 records, 8589 matched, 112091 lines/sec (374.7 min)
  2525M lines, 9330263 records, 8595 matched, 112234 lines/sec (375.0 min)
  2530M lines, 9341192 records, 8601 matched, 112367 lines/sec (375.3 min)
  2535M lines, 9349770 records, 8615 matched, 112507 lines/sec (375.5 min)
  2540M lines, 9357574 records, 8618 matched, 112645 lines/sec (375.8 min)
  2545M lines, 9365764 records, 8628 matched, 112783 lines/sec (376.1 min)
  2550M lines, 9374040 records, 8634 matched, 112933 lines/sec (376.3 min)
  2555M lines, 9379576 records, 8647 matched, 113075 lines/sec (376.6 min)
  2560M lines, 9387894 records, 8688 matched, 113196 lines/sec (376.9 min)
  2565M lines, 9395233 records, 8697 matched, 113333 lines/sec (377.2 min)
  2570M lines, 9403817 records, 8703 matched, 113474 lines/sec (377.5 min)
  2575M lines, 9411873 records, 8712 matched, 113602 lines/sec (377.8 min)
  2580M lines, 9421885 records, 8729 matched, 113731 lines/sec (378.1 min)
  2585M lines, 9431748 records, 8752 matched, 113854 lines/sec (378.4 min)
  2590M lines, 9440478 records, 8762 matched, 113997 lines/sec (378.7 min)
  2595M lines, 9447350 records, 8768 matched, 114117 lines/sec (379.0 min)
  2600M lines, 9454195 records, 8830 matched, 114217 lines/sec (379.4 min)
  2605M lines, 9460539 records, 8915 matched, 114311 lines/sec (379.8 min)
  2610M lines, 9466988 records, 8994 matched, 114424 lines/sec (380.2 min)
  9000 records matched, 9467113 records scanned (380.2 min)
  2615M lines, 9473601 records, 9090 matched, 114524 lines/sec (380.6 min)
  2620M lines, 9480344 records, 9170 matched, 114638 lines/sec (380.9 min)
  2625M lines, 9486825 records, 9235 matched, 114756 lines/sec (381.2 min)
  2630M lines, 9500054 records, 9249 matched, 114877 lines/sec (381.6 min)
  2635M lines, 9513590 records, 9274 matched, 114996 lines/sec (381.9 min)
  2640M lines, 9526212 records, 9305 matched, 115114 lines/sec (382.2 min)
  2645M lines, 9535732 records, 9331 matched, 115250 lines/sec (382.5 min)
  2650M lines, 9546864 records, 9337 matched, 115377 lines/sec (382.8 min)
  2655M lines, 9557723 records, 9345 matched, 115502 lines/sec (383.1 min)
  2660M lines, 9571036 records, 9360 matched, 115616 lines/sec (383.5 min)
  2665M lines, 9583661 records, 9374 matched, 115738 lines/sec (383.8 min)
  2670M lines, 9598197 records, 9391 matched, 115831 lines/sec (384.2 min)
  2675M lines, 9611940 records, 9411 matched, 115949 lines/sec (384.5 min)
  2680M lines, 9626634 records, 9423 matched, 116072 lines/sec (384.8 min)
  2685M lines, 9641077 records, 9431 matched, 116187 lines/sec (385.2 min)
  2690M lines, 9655974 records, 9441 matched, 116293 lines/sec (385.5 min)
  2695M lines, 9667149 records, 9446 matched, 116410 lines/sec (385.8 min)
  2700M lines, 9678995 records, 9457 matched, 116530 lines/sec (386.2 min)
  2705M lines, 9691808 records, 9464 matched, 116642 lines/sec (386.5 min)
  2710M lines, 9704695 records, 9477 matched, 116774 lines/sec (386.8 min)
  2715M lines, 9717378 records, 9490 matched, 116903 lines/sec (387.1 min)
  9500 records matched, 9723814 records scanned (387.2 min)
  2720M lines, 9728986 records, 9518 matched, 117021 lines/sec (387.4 min)
  2725M lines, 9740660 records, 9548 matched, 117114 lines/sec (387.8 min)
  2730M lines, 9751825 records, 9576 matched, 117224 lines/sec (388.1 min)
  2735M lines, 9764013 records, 9603 matched, 117326 lines/sec (388.5 min)
  2740M lines, 9776024 records, 9619 matched, 117430 lines/sec (388.9 min)
  2745M lines, 9789923 records, 9641 matched, 117539 lines/sec (389.2 min)
  2750M lines, 9802053 records, 9652 matched, 117656 lines/sec (389.6 min)
  2755M lines, 9815055 records, 9664 matched, 117768 lines/sec (389.9 min)
  2760M lines, 9830157 records, 9679 matched, 117870 lines/sec (390.3 min)
  2765M lines, 9843104 records, 9691 matched, 117975 lines/sec (390.6 min)
  2770M lines, 9855456 records, 9715 matched, 118064 lines/sec (391.0 min)
  2775M lines, 9869383 records, 9735 matched, 118162 lines/sec (391.4 min)
  2780M lines, 9880794 records, 9759 matched, 118273 lines/sec (391.7 min)
  2785M lines, 9892704 records, 9773 matched, 118370 lines/sec (392.1 min)
  2790M lines, 9904290 records, 9790 matched, 118487 lines/sec (392.4 min)
  2795M lines, 9917050 records, 9802 matched, 118595 lines/sec (392.8 min)
  2800M lines, 9930305 records, 9824 matched, 118688 lines/sec (393.2 min)
  2805M lines, 9942276 records, 9842 matched, 118792 lines/sec (393.5 min)
  2810M lines, 9953983 records, 9855 matched, 118900 lines/sec (393.9 min)
  2815M lines, 9968017 records, 9879 matched, 118988 lines/sec (394.3 min)
  2820M lines, 9980031 records, 9896 matched, 119073 lines/sec (394.7 min)
  2825M lines, 9997071 records, 9912 matched, 119181 lines/sec (395.1 min)
  2830M lines, 10014962 records, 9933 matched, 119275 lines/sec (395.4 min)
  2835M lines, 10030929 records, 9935 matched, 119375 lines/sec (395.8 min)
  2840M lines, 10042782 records, 9944 matched, 119487 lines/sec (396.1 min)
  2845M lines, 10055980 records, 9960 matched, 119591 lines/sec (396.5 min)
  2850M lines, 10075587 records, 9973 matched, 119668 lines/sec (396.9 min)
  2855M lines, 10095407 records, 9984 matched, 119766 lines/sec (397.3 min)
  10000 records matched, 10107778 records scanned (397.7 min)
  2860M lines, 10111899 records, 10009 matched, 119824 lines/sec (397.8 min)
  2865M lines, 10120115 records, 10026 matched, 119913 lines/sec (398.2 min)
  2870M lines, 10129234 records, 10056 matched, 120021 lines/sec (398.5 min)
  2875M lines, 10140405 records, 10069 matched, 120129 lines/sec (398.9 min)
  2880M lines, 10152719 records, 10099 matched, 120222 lines/sec (399.3 min)
  2885M lines, 10162274 records, 10127 matched, 120326 lines/sec (399.6 min)
  2890M lines, 10171546 records, 10156 matched, 120420 lines/sec (400.0 min)
  2895M lines, 10180563 records, 10171 matched, 120513 lines/sec (400.4 min)
  2900M lines, 10189852 records, 10190 matched, 120601 lines/sec (400.8 min)
  2905M lines, 10198277 records, 10205 matched, 120694 lines/sec (401.2 min)
  2910M lines, 10207427 records, 10229 matched, 120786 lines/sec (401.5 min)
  2915M lines, 10216979 records, 10254 matched, 120847 lines/sec (402.0 min)
  2920M lines, 10227129 records, 10287 matched, 120922 lines/sec (402.5 min)
  2925M lines, 10237431 records, 10317 matched, 120982 lines/sec (403.0 min)
  2930M lines, 10247098 records, 10328 matched, 121049 lines/sec (403.4 min)
  2935M lines, 10256949 records, 10347 matched, 121113 lines/sec (403.9 min)
  2940M lines, 10267202 records, 10374 matched, 121173 lines/sec (404.4 min)
  2945M lines, 10277204 records, 10399 matched, 121230 lines/sec (404.9 min)
  2950M lines, 10286545 records, 10436 matched, 121272 lines/sec (405.4 min)
  2955M lines, 10296714 records, 10462 matched, 121337 lines/sec (405.9 min)
  2960M lines, 10306444 records, 10494 matched, 121391 lines/sec (406.4 min)
  10500 records matched, 10307706 records scanned (406.5 min)
  2965M lines, 10315027 records, 10516 matched, 121447 lines/sec (406.9 min)
  2970M lines, 10326113 records, 10537 matched, 121475 lines/sec (407.5 min)
  2975M lines, 10337794 records, 10569 matched, 121499 lines/sec (408.1 min)
  2980M lines, 10350463 records, 10604 matched, 121499 lines/sec (408.8 min)
  2985M lines, 10362407 records, 10628 matched, 121539 lines/sec (409.3 min)
  2990M lines, 10372036 records, 10642 matched, 121615 lines/sec (409.8 min)
  2995M lines, 10377966 records, 10644 matched, 121717 lines/sec (410.1 min)
  3000M lines, 10387249 records, 10647 matched, 121819 lines/sec (410.4 min)
  3005M lines, 10403155 records, 10652 matched, 121922 lines/sec (410.8 min)
  3010M lines, 10417329 records, 10661 matched, 122034 lines/sec (411.1 min)
  3015M lines, 10427977 records, 10666 matched, 122151 lines/sec (411.4 min)
  3020M lines, 10439417 records, 10684 matched, 122255 lines/sec (411.7 min)
  3025M lines, 10451137 records, 10708 matched, 122351 lines/sec (412.1 min)
  3030M lines, 10464782 records, 10710 matched, 122447 lines/sec (412.4 min)
  3035M lines, 10478273 records, 10714 matched, 122531 lines/sec (412.8 min)
  3040M lines, 10489114 records, 10717 matched, 122637 lines/sec (413.1 min)
  3045M lines, 10499203 records, 10717 matched, 122739 lines/sec (413.5 min)
  3050M lines, 10509172 records, 10723 matched, 122867 lines/sec (413.7 min)
  3055M lines, 10518649 records, 10724 matched, 122994 lines/sec (414.0 min)
  3060M lines, 10530694 records, 10749 matched, 123093 lines/sec (414.3 min)
  3065M lines, 10542984 records, 10758 matched, 123194 lines/sec (414.7 min)
  3070M lines, 10556811 records, 10760 matched, 123285 lines/sec (415.0 min)
  3075M lines, 10569537 records, 10765 matched, 123383 lines/sec (415.4 min)
  3080M lines, 10582897 records, 10776 matched, 123470 lines/sec (415.8 min)
  3085M lines, 10596934 records, 10792 matched, 123534 lines/sec (416.2 min)
  3090M lines, 10611255 records, 10799 matched, 123626 lines/sec (416.6 min)
  3095M lines, 10625328 records, 10810 matched, 123721 lines/sec (416.9 min)
  3100M lines, 10643597 records, 10820 matched, 123777 lines/sec (417.4 min)
  3105M lines, 10659285 records, 10822 matched, 123825 lines/sec (417.9 min)
  3110M lines, 10674413 records, 10824 matched, 123845 lines/sec (418.5 min)
  3115M lines, 10693214 records, 10825 matched, 123849 lines/sec (419.2 min)
  3120M lines, 10710946 records, 10828 matched, 123887 lines/sec (419.7 min)
  3125M lines, 10728812 records, 10834 matched, 123924 lines/sec (420.3 min)

=== COMPLETE ===
  Lines scanned: 3,129,319,510
  Rows matched: 10,839
  Output: C:\Users\email\projects\ImNotAnAttorney-web\data\bulk-verify\cl-bulk\opinions-filtered.csv (1064.2 MB)
  Time: 420.8 min (123950 lines/sec)

All downstream scripts can now read opinions-filtered.csv instead of the 50GB bz2.
