=== INAA Legal Research — All-State Verification ===
CourtListener: token found
Mode: LIVE

1402 statutes to verify


--- ND ---
  [1/1402] criminal-threat: LOW (0.15)
  [2/1402] disorderly-conduct: LOW (0.15)
  [3/1402] domestic-battery: LOW (0.15)
  [4/1402] domestic-violence: LOW (0.15)
  [5/1402] driving-on-suspended: LOW (0.15)
  [6/1402] drug-distribution: LOW (0.15)
  [7/1402] drug-manufacturing: LOW (0.15)
  [8/1402] drug-paraphernalia: LOW (0.15)
  [9/1402] drug-possession: LOW (0.15)
  [10/1402] drug-possession-cocaine: LOW (0.15)
  [11/1402] drug-possession-marijuana: LOW (0.15)
  [12/1402] drug-possession-meth: LOW (0.15)
  [13/1402] drug-possession-with-intent: LOW (0.15)
  [14/1402] drug-trafficking: LOW (0.15)
  [15/1402] dui-drugs: LOW (0.15)
  [16/1402] dui-dwi: LOW (0.15)
  [17/1402] dui-first-offense: LOW (0.15)
  [18/1402] dui-repeat-offense: LOW (0.15)
  [19/1402] elder-abuse: LOW (0.15)
  [20/1402] embezzlement: LOW (0.15)
  [21/1402] escape-custody: LOW (0.15)
  [22/1402] failure-to-appear: LOW (0.15)
  [23/1402] failure-to-register: LOW (0.15)
  [24/1402] false-report: LOW (0.15)
  [25/1402] felon-in-possession: LOW (0.15)
  [26/1402] fleeing-eluding: LOW (0.15)
  [27/1402] forgery: LOW (0.15)
  [28/1402] fraud-general: LOW (0.15)
  [29/1402] grand-theft: LOW (0.15)
  [30/1402] harassment: LOW (0.15)
  [31/1402] hit-and-run: LOW (0.15)
  [32/1402] identity-theft: LOW (0.15)
  [33/1402] illegal-discharge: LOW (0.15)
  [34/1402] indecent-exposure: LOW (0.15)
  [35/1402] insurance-fraud: LOW (0.15)
  [36/1402] involuntary-manslaughter: LOW (0.15)
  [37/1402] kidnapping: LOW (0.15)
  [38/1402] money-laundering: LOW (0.15)
  [39/1402] motor-vehicle-theft: LOW (0.15)
  [40/1402] murder-first-degree: LOW (0.15)
  [41/1402] murder-second-degree: LOW (0.15)
  [42/1402] obstruction-justice: LOW (0.15)
  [43/1402] parole-violation: LOW (0.15)
  [44/1402] perjury: LOW (0.15)
  [45/1402] petty-theft: LOW (0.15)
  [46/1402] probation-violation: LOW (0.15)
  [47/1402] public-intoxication: LOW (0.15)
  [48/1402] rape: LOW (0.15)
  [49/1402] receiving-stolen-property: LOW (0.15)
  [50/1402] reckless-driving: LOW (0.15)
  [51/1402] residential-burglary: LOW (0.15)
  [52/1402] resisting-arrest: LOW (0.15)
  [53/1402] robbery: LOW (0.15)
  [54/1402] sexual-assault: LOW (0.15)
  [55/1402] shoplifting: LOW (0.15)
  [56/1402] simple-assault: LOW (0.15)
  [57/1402] solicitation-prostitution: LOW (0.15)
  [58/1402] stalking: LOW (0.15)
  [59/1402] statutory-rape: LOW (0.15)
  [60/1402] theft-larceny: LOW (0.15)
  [61/1402] trespassing: LOW (0.15)
  [62/1402] vandalism: LOW (0.15)
  [63/1402] vehicular-homicide: LOW (0.15)
  [64/1402] vehicular-manslaughter: LOW (0.15)
  [65/1402] violation-protective-order: LOW (0.15)
  [66/1402] voluntary-manslaughter: LOW (0.15)
  [67/1402] weapons-possession: LOW (0.15)

--- NE ---
  [68/1402] aggravated-assault: LOW (0.15)
  [69/1402] aiding-abetting: LOW (0.15)
  [70/1402] animal-cruelty: LOW (0.15)
  [71/1402] armed-robbery: LOW (0.15)
  [72/1402] arson: LOW (0.15)
  [73/1402] assault-with-deadly-weapon: LOW (0.15)
  [74/1402] attempt: LOW (0.15)
  [75/1402] attempted-murder: LOW (0.15)
  [76/1402] bad-checks: LOW (0.15)
  [77/1402] battery: LOW (0.15)
  [78/1402] bribery: LOW (0.15)
  [79/1402] burglary: LOW (0.15)
  [80/1402] child-abuse: LOW (0.15)
  [81/1402] child-endangerment: LOW (0.15)
  [82/1402] child-exploitation: LOW (0.15)
  [83/1402] concealed-carry-violation: LOW (0.15)
  [84/1402] conspiracy: LOW (0.15)
  [85/1402] contempt-of-court: LOW (0.15)
  [86/1402] counterfeiting: LOW (0.15)
  [87/1402] credit-card-fraud: LOW (0.15)
  [88/1402] criminal-mischief: LOW (0.15)
  [89/1402] criminal-threat: LOW (0.15)
  [90/1402] disorderly-conduct: LOW (0.15)
  [91/1402] domestic-battery: LOW (0.15)
  [92/1402] domestic-violence: LOW (0.15)
  [93/1402] driving-on-suspended: LOW (0.15)
  [94/1402] drug-distribution: LOW (0.15)
  [95/1402] drug-manufacturing: LOW (0.15)
  [96/1402] drug-paraphernalia: LOW (0.15)
  [97/1402] drug-possession: LOW (0.15)
  [98/1402] drug-possession-cocaine: LOW (0.15)
  [99/1402] drug-possession-marijuana: LOW (0.15)
  [100/1402] drug-possession-meth: LOW (0.15)
  [101/1402] drug-possession-with-intent: LOW (0.15)
  [102/1402] drug-trafficking: LOW (0.15)
  [103/1402] dui-drugs: LOW (0.15)
  [104/1402] dui-dwi: LOW (0.15)
  [105/1402] dui-first-offense: LOW (0.15)
  [106/1402] dui-repeat-offense: LOW (0.15)
  [107/1402] elder-abuse: LOW (0.15)
  [108/1402] embezzlement: LOW (0.15)
  [109/1402] escape-custody: LOW (0.15)
  [110/1402] failure-to-appear: LOW (0.15)
  [111/1402] failure-to-register: LOW (0.15)
  [112/1402] false-report: LOW (0.15)
  [113/1402] felon-in-possession: LOW (0.15)
  [114/1402] fleeing-eluding: LOW (0.15)
  [115/1402] forgery: LOW (0.15)
  [116/1402] fraud-general: LOW (0.15)
  [117/1402] grand-theft: LOW (0.15)
  [118/1402] harassment: LOW (0.15)
  [119/1402] hit-and-run: LOW (0.15)
  [120/1402] identity-theft: LOW (0.15)
  [121/1402] illegal-discharge: LOW (0.15)
  [122/1402] indecent-exposure: LOW (0.15)
  [123/1402] insurance-fraud: LOW (0.15)
  [124/1402] involuntary-manslaughter: LOW (0.15)
  [125/1402] kidnapping: LOW (0.15)
  [126/1402] money-laundering: LOW (0.15)
  [127/1402] motor-vehicle-theft: LOW (0.15)
  [128/1402] murder-first-degree: LOW (0.15)
  [129/1402] murder-second-degree: LOW (0.15)
  [130/1402] obstruction-justice: LOW (0.15)
  [131/1402] parole-violation: LOW (0.15)
  [132/1402] perjury: LOW (0.15)
  [133/1402] petty-theft: LOW (0.15)
  [134/1402] probation-violation: LOW (0.15)
  [135/1402] public-intoxication: LOW (0.15)
  [136/1402] rape: LOW (0.15)
  [137/1402] receiving-stolen-property: LOW (0.15)
  [138/1402] reckless-driving: LOW (0.15)
  [139/1402] residential-burglary: LOW (0.15)
  [140/1402] resisting-arrest: LOW (0.15)
  [141/1402] robbery: LOW (0.15)
  [142/1402] sexual-assault: LOW (0.15)
  [143/1402] shoplifting: LOW (0.15)
  [144/1402] simple-assault: LOW (0.15)
  [145/1402] solicitation-prostitution: LOW (0.15)
  [146/1402] stalking: LOW (0.15)
  [147/1402] statutory-rape: LOW (0.15)
  [148/1402] theft-larceny: LOW (0.15)
  [149/1402] trespassing: LOW (0.15)
  [150/1402] vandalism: LOW (0.15)
  [151/1402] vehicular-homicide: LOW (0.15)
  [152/1402] vehicular-manslaughter: LOW (0.15)
  [153/1402] violation-protective-order: LOW (0.15)
  [154/1402] voluntary-manslaughter: LOW (0.15)
  [155/1402] weapons-possession: LOW (0.15)

--- NH ---
  [156/1402] aggravated-assault: LOW (0.15)
  [157/1402] aiding-abetting: LOW (0.15)
  [158/1402] animal-cruelty: LOW (0.15)
  [159/1402] armed-robbery: LOW (0.15)
  [160/1402] arson: LOW (0.15)
  [161/1402] assault-with-deadly-weapon: LOW (0.15)
  [162/1402] attempt: LOW (0.15)
  [163/1402] attempted-murder: LOW (0.15)
  [164/1402] bad-checks: LOW (0.15)
  [165/1402] battery: LOW (0.15)
  [166/1402] bribery: LOW (0.15)
  [167/1402] burglary: LOW (0.15)
  [168/1402] child-abuse: LOW (0.15)
  [169/1402] child-endangerment: LOW (0.15)
  [170/1402] child-exploitation: LOW (0.15)
  [171/1402] concealed-carry-violation: LOW (0.15)
  [172/1402] conspiracy: LOW (0.15)
  [173/1402] contempt-of-court: LOW (0.15)
  [174/1402] counterfeiting: LOW (0.15)
  [175/1402] credit-card-fraud: LOW (0.15)
  [176/1402] criminal-mischief: LOW (0.15)
  [177/1402] criminal-threat: LOW (0.15)
  [178/1402] disorderly-conduct: LOW (0.15)
  [179/1402] domestic-battery: LOW (0.15)
  [180/1402] domestic-violence: LOW (0.15)
  [181/1402] driving-on-suspended: LOW (0.15)
  [182/1402] drug-distribution: LOW (0.15)
  [183/1402] drug-manufacturing: LOW (0.15)
  [184/1402] drug-paraphernalia: LOW (0.15)
  [185/1402] drug-possession: LOW (0.15)
  [186/1402] drug-possession-cocaine: LOW (0.15)
  [187/1402] drug-possession-marijuana: LOW (0.15)
  [188/1402] drug-possession-meth: LOW (0.15)
  [189/1402] drug-possession-with-intent: LOW (0.15)
  [190/1402] drug-trafficking: LOW (0.15)
  [191/1402] dui-drugs: LOW (0.15)
  [192/1402] dui-dwi: LOW (0.15)
  [193/1402] dui-first-offense: LOW (0.15)
  [194/1402] dui-repeat-offense: LOW (0.15)
  [195/1402] elder-abuse: LOW (0.15)
  [196/1402] embezzlement: LOW (0.15)
  [197/1402] escape-custody: LOW (0.15)
  [198/1402] failure-to-appear: LOW (0.15)
  [199/1402] failure-to-register: LOW (0.15)
  [200/1402] false-report: LOW (0.15)
  [201/1402] felon-in-possession: LOW (0.15)
  [202/1402] fleeing-eluding: LOW (0.15)
  [203/1402] forgery: LOW (0.15)
  [204/1402] fraud-general: LOW (0.15)
  [205/1402] grand-theft: LOW (0.15)
  [206/1402] harassment: LOW (0.15)
  [207/1402] hit-and-run: LOW (0.15)
  [208/1402] identity-theft: LOW (0.15)
  [209/1402] illegal-discharge: LOW (0.15)
  [210/1402] indecent-exposure: LOW (0.15)
  [211/1402] insurance-fraud: LOW (0.15)
  [212/1402] involuntary-manslaughter: LOW (0.15)
  [213/1402] kidnapping: LOW (0.15)
  [214/1402] money-laundering: LOW (0.15)
  [215/1402] motor-vehicle-theft: LOW (0.15)
  [216/1402] murder-first-degree: LOW (0.15)
  [217/1402] murder-second-degree: LOW (0.15)
  [218/1402] obstruction-justice: LOW (0.15)
  [219/1402] parole-violation: LOW (0.15)
  [220/1402] perjury: LOW (0.15)
  [221/1402] petty-theft: LOW (0.15)
  [222/1402] probation-violation: LOW (0.15)
  [223/1402] public-intoxication: LOW (0.15)
  [224/1402] rape: LOW (0.15)
  [225/1402] receiving-stolen-property: LOW (0.15)
  [226/1402] reckless-driving: LOW (0.15)
  [227/1402] residential-burglary: LOW (0.15)
  [228/1402] resisting-arrest: LOW (0.15)
  [229/1402] robbery: LOW (0.15)
  [230/1402] sexual-assault: LOW (0.15)
  [231/1402] shoplifting: LOW (0.15)
  [232/1402] simple-assault: LOW (0.15)
  [233/1402] solicitation-prostitution: LOW (0.15)
  [234/1402] stalking: LOW (0.15)
  [235/1402] statutory-rape: LOW (0.15)
  [236/1402] theft-larceny: LOW (0.15)
  [237/1402] trespassing: LOW (0.15)
  [238/1402] vandalism: LOW (0.15)
  [239/1402] vehicular-homicide: LOW (0.15)
  [240/1402] vehicular-manslaughter: LOW (0.15)
  [241/1402] violation-protective-order: LOW (0.15)
  [242/1402] voluntary-manslaughter: LOW (0.15)
  [243/1402] weapons-possession: LOW (0.15)

--- NM ---
  [244/1402] aggravated-assault: LOW (0.15)
  [245/1402] aiding-abetting: LOW (0.15)
  [246/1402] animal-cruelty: LOW (0.15)
  [247/1402] armed-robbery: LOW (0.15)
  [248/1402] arson: LOW (0.15)
  [249/1402] assault-with-deadly-weapon: LOW (0.15)
  [250/1402] attempt: LOW (0.15)
  [251/1402] attempted-murder: LOW (0.15)
  [252/1402] bad-checks: LOW (0.15)
  [253/1402] battery: LOW (0.15)
  [254/1402] bribery: LOW (0.15)
  [255/1402] burglary: LOW (0.15)
  [256/1402] child-abuse: LOW (0.15)
  [257/1402] child-endangerment: LOW (0.15)
  [258/1402] child-exploitation: LOW (0.15)
  [259/1402] concealed-carry-violation: LOW (0.15)
  [260/1402] conspiracy: LOW (0.15)
  [261/1402] contempt-of-court: LOW (0.15)
  [262/1402] counterfeiting: LOW (0.15)
  [263/1402] credit-card-fraud: LOW (0.15)
  [264/1402] criminal-mischief: LOW (0.15)
  [265/1402] criminal-threat: LOW (0.15)
  [266/1402] disorderly-conduct: LOW (0.15)
  [267/1402] domestic-battery: LOW (0.15)
  [268/1402] domestic-violence: LOW (0.15)
  [269/1402] driving-on-suspended: LOW (0.15)
  [270/1402] drug-distribution: LOW (0.15)
  [271/1402] drug-manufacturing: LOW (0.15)
  [272/1402] drug-paraphernalia: LOW (0.15)
  [273/1402] drug-possession: LOW (0.15)
  [274/1402] drug-possession-cocaine: LOW (0.15)
  [275/1402] drug-possession-marijuana: LOW (0.15)
  [276/1402] drug-possession-meth: LOW (0.15)
  [277/1402] drug-possession-with-intent: LOW (0.15)
  [278/1402] drug-trafficking: LOW (0.15)
  [279/1402] dui-drugs: LOW (0.15)
  [280/1402] dui-dwi: LOW (0.15)
  [281/1402] dui-first-offense: LOW (0.15)
  [282/1402] dui-repeat-offense: LOW (0.15)
  [283/1402] elder-abuse: LOW (0.15)
  [284/1402] embezzlement: LOW (0.15)
  [285/1402] escape-custody: LOW (0.15)
  [286/1402] failure-to-appear: LOW (0.15)
  [287/1402] failure-to-register: LOW (0.15)
  [288/1402] false-report: LOW (0.15)
  [289/1402] felon-in-possession: LOW (0.15)
  [290/1402] fleeing-eluding: LOW (0.15)
  [291/1402] forgery: LOW (0.15)
  [292/1402] fraud-general: LOW (0.15)
  [293/1402] grand-theft: LOW (0.15)
  [294/1402] harassment: LOW (0.15)
  [295/1402] hit-and-run: LOW (0.15)
  [296/1402] identity-theft: LOW (0.15)
  [297/1402] illegal-discharge: LOW (0.15)
  [298/1402] indecent-exposure: LOW (0.15)
  [299/1402] insurance-fraud: LOW (0.15)
  [300/1402] involuntary-manslaughter: LOW (0.15)
  [301/1402] kidnapping: LOW (0.15)
  [302/1402] money-laundering: LOW (0.15)
  [303/1402] motor-vehicle-theft: LOW (0.15)
  [304/1402] murder-first-degree: LOW (0.15)
  [305/1402] murder-second-degree: LOW (0.15)
  [306/1402] obstruction-justice: LOW (0.15)
  [307/1402] parole-violation: LOW (0.15)
  [308/1402] perjury: LOW (0.15)
  [309/1402] petty-theft: LOW (0.15)
  [310/1402] probation-violation: LOW (0.15)
  [311/1402] public-intoxication: LOW (0.15)
  [312/1402] rape: LOW (0.15)
  [313/1402] receiving-stolen-property: LOW (0.15)
  [314/1402] reckless-driving: LOW (0.15)
  [315/1402] residential-burglary: LOW (0.15)
  [316/1402] resisting-arrest: LOW (0.15)
  [317/1402] robbery: LOW (0.15)
  [318/1402] sexual-assault: LOW (0.15)
  [319/1402] shoplifting: LOW (0.15)
  [320/1402] simple-assault: LOW (0.15)
  [321/1402] solicitation-prostitution: LOW (0.15)
  [322/1402] stalking: LOW (0.15)
  [323/1402] statutory-rape: LOW (0.15)
  [324/1402] theft-larceny: LOW (0.15)
  [325/1402] trespassing: LOW (0.15)
  [326/1402] vandalism: LOW (0.15)
  [327/1402] vehicular-homicide: LOW (0.15)
  [328/1402] vehicular-manslaughter: LOW (0.15)
  [329/1402] violation-protective-order: LOW (0.15)
  [330/1402] voluntary-manslaughter: LOW (0.15)
  [331/1402] weapons-possession: LOW (0.15)

--- NV ---
  [332/1402] aggravated-assault: LOW (0.15)
  [333/1402] arson: LOW (0.15)
  [334/1402] assault-police-officer: LOW (0.15)
  [335/1402] attempt: LOW (0.15)
  [336/1402] bad-checks: LOW (0.15)
  [337/1402] battery: LOW (0.15)
  [338/1402] burglary: LOW (0.15)
  [339/1402] carjacking: LOW (0.15)
  [340/1402] child-abuse: LOW (0.15)
  [341/1402] child-exploitation: LOW (0.15)
  [342/1402] concealed-carry-violation: LOW (0.15)
  [343/1402] conspiracy: LOW (0.15)
  [344/1402] contempt-of-court: LOW (0.15)
  [345/1402] credit-card-fraud: LOW (0.15)
  [346/1402] criminal-threat: LOW (0.15)
  [347/1402] disorderly-conduct: LOW (0.15)
  [348/1402] domestic-battery: LOW (0.15)
  [349/1402] drug-distribution: LOW (0.15)
  [350/1402] drug-paraphernalia: LOW (0.15)
  [351/1402] drug-possession: LOW (0.15)
  [352/1402] drug-possession-marijuana: LOW (0.15)
  [353/1402] drug-possession-with-intent: LOW (0.15)
  [354/1402] drug-trafficking: LOW (0.15)
  [355/1402] dui-drugs: LOW (0.15)
  [356/1402] dui-dwi: LOW (0.15)
  [357/1402] dui-felony-injury: LOW (0.15)
  [358/1402] dui-first-offense: LOW (0.15)
  [359/1402] dui-repeat-offense: LOW (0.15)
  [360/1402] elder-abuse: LOW (0.15)
  [361/1402] embezzlement: LOW (0.15)
  [362/1402] extortion: LOW (0.15)
  [363/1402] failure-to-appear: LOW (0.15)
  [364/1402] failure-to-register: LOW (0.15)
  [365/1402] felon-in-possession: LOW (0.15)
  [366/1402] fleeing-eluding: LOW (0.15)
  [367/1402] forgery: LOW (0.15)
  [368/1402] grand-theft: LOW (0.15)
  [369/1402] hit-and-run: LOW (0.15)
  [370/1402] home-invasion: LOW (0.15)
  [371/1402] identity-theft: LOW (0.15)
  [372/1402] illegal-discharge: LOW (0.15)
  [373/1402] indecent-exposure: LOW (0.15)
  [374/1402] insurance-fraud: LOW (0.15)
  [375/1402] involuntary-manslaughter: LOW (0.15)
  [376/1402] kidnapping: LOW (0.15)
  [377/1402] murder-first-degree: LOW (0.15)
  [378/1402] murder-second-degree: LOW (0.15)
  [379/1402] perjury: LOW (0.15)
  [380/1402] petty-theft: LOW (0.15)
  [381/1402] probation-violation: LOW (0.15)
  [382/1402] public-intoxication: LOW (0.15)
  [383/1402] receiving-stolen-property: LOW (0.15)
  [384/1402] reckless-driving: LOW (0.15)
  [385/1402] resisting-arrest: LOW (0.15)
  [386/1402] robbery: LOW (0.15)
  [387/1402] sexual-assault: LOW (0.15)
  [388/1402] shoplifting: LOW (0.15)
  [389/1402] simple-assault: LOW (0.15)
  [390/1402] solicitation-prostitution: LOW (0.15)
  [391/1402] stalking: LOW (0.15)
  [392/1402] statutory-rape: LOW (0.15)
  [393/1402] trespassing: LOW (0.15)
  [394/1402] unlawful-imprisonment: LOW (0.15)
  [395/1402] vandalism: LOW (0.15)
  [396/1402] vehicular-homicide: LOW (0.15)
  [397/1402] vehicular-manslaughter: LOW (0.15)
  [398/1402] violation-protective-order: LOW (0.15)
  [399/1402] voluntary-manslaughter: LOW (0.15)
  [400/1402] witness-tampering: LOW (0.15)

--- NY ---
  [401/1402] aggravated-assault: LOW (0.15)
  [402/1402] aiding-abetting: LOW (0.15)
  [403/1402] animal-cruelty: LOW (0.15)
  [404/1402] armed-robbery: LOW (0.15)
  [405/1402] arson: LOW (0.15)
  [406/1402] assault-with-deadly-weapon: LOW (0.15)
  [407/1402] attempt: LOW (0.15)
  [408/1402] attempted-murder: LOW (0.15)
  [409/1402] bad-checks: LOW (0.15)
  [410/1402] battery: LOW (0.15)
  [411/1402] bribery: LOW (0.15)
  [412/1402] burglary: LOW (0.15)
  [413/1402] child-abuse: LOW (0.15)
  [414/1402] child-endangerment: LOW (0.15)
  [415/1402] child-exploitation: LOW (0.15)
  [416/1402] concealed-carry-violation: LOW (0.15)
  [417/1402] conspiracy: LOW (0.15)
  [418/1402] contempt-of-court: LOW (0.15)
  [419/1402] counterfeiting: LOW (0.15)
  [420/1402] credit-card-fraud: LOW (0.15)
  [421/1402] criminal-mischief: LOW (0.15)
  [422/1402] criminal-threat: LOW (0.15)
  [423/1402] disorderly-conduct: LOW (0.15)
  [424/1402] domestic-battery: LOW (0.15)
  [425/1402] domestic-violence: LOW (0.15)
  [426/1402] driving-on-suspended: LOW (0.15)
  [427/1402] drug-distribution: LOW (0.15)
  [428/1402] drug-manufacturing: LOW (0.15)
  [429/1402] drug-paraphernalia: LOW (0.15)
  [430/1402] drug-possession: LOW (0.15)
  [431/1402] drug-possession-cocaine: LOW (0.15)
  [432/1402] drug-possession-marijuana: LOW (0.15)
  [433/1402] drug-possession-meth: LOW (0.15)
  [434/1402] drug-possession-with-intent: LOW (0.15)
  [435/1402] drug-trafficking: LOW (0.15)
  [436/1402] dui-drugs: LOW (0.15)
  [437/1402] dui-dwi: LOW (0.15)
  [438/1402] dui-first-offense: LOW (0.15)
  [439/1402] dui-repeat-offense: LOW (0.15)
  [440/1402] elder-abuse: LOW (0.15)
  [441/1402] embezzlement: LOW (0.15)
  [442/1402] escape-custody: LOW (0.15)
  [443/1402] failure-to-appear: LOW (0.15)
  [444/1402] failure-to-register: LOW (0.15)
  [445/1402] false-report: LOW (0.15)
  [446/1402] felon-in-possession: LOW (0.15)
  [447/1402] fleeing-eluding: LOW (0.15)
  [448/1402] forgery: LOW (0.15)
  [449/1402] fraud-general: LOW (0.15)
  [450/1402] grand-theft: LOW (0.15)
  [451/1402] harassment: LOW (0.15)
  [452/1402] hit-and-run: LOW (0.15)
  [453/1402] identity-theft: LOW (0.15)
  [454/1402] illegal-discharge: LOW (0.15)
  [455/1402] indecent-exposure: LOW (0.15)
  [456/1402] insurance-fraud: LOW (0.15)
  [457/1402] involuntary-manslaughter: LOW (0.15)
  [458/1402] kidnapping: LOW (0.15)
  [459/1402] money-laundering: LOW (0.15)
  [460/1402] motor-vehicle-theft: LOW (0.15)
  [461/1402] murder-first-degree: LOW (0.15)
  [462/1402] murder-second-degree: LOW (0.15)
  [463/1402] obstruction-justice: LOW (0.15)
  [464/1402] parole-violation: LOW (0.15)
  [465/1402] perjury: LOW (0.15)
  [466/1402] petty-theft: LOW (0.15)
  [467/1402] probation-violation: LOW (0.15)
  [468/1402] public-intoxication: LOW (0.15)
  [469/1402] rape: LOW (0.15)
  [470/1402] receiving-stolen-property: LOW (0.15)
  [471/1402] reckless-driving: LOW (0.15)
  [472/1402] residential-burglary: LOW (0.15)
  [473/1402] resisting-arrest: LOW (0.15)
  [474/1402] robbery: LOW (0.15)
  [475/1402] sexual-assault: LOW (0.15)
  [476/1402] shoplifting: LOW (0.15)
  [477/1402] simple-assault: LOW (0.15)
  [478/1402] solicitation-prostitution: LOW (0.15)
  [479/1402] stalking: LOW (0.15)
  [480/1402] statutory-rape: LOW (0.15)
  [481/1402] theft-larceny: LOW (0.15)
  [482/1402] trespassing: LOW (0.15)
  [483/1402] vandalism: LOW (0.15)
  [484/1402] vehicular-homicide: LOW (0.15)
  [485/1402] vehicular-manslaughter: LOW (0.15)
  [486/1402] violation-protective-order: LOW (0.15)
  [487/1402] voluntary-manslaughter: LOW (0.15)
  [488/1402] weapons-possession: LOW (0.15)

--- OH ---
  [489/1402] aggravated-assault: LOW (0.15)
  [490/1402] armed-robbery: LOW (0.15)
  [491/1402] arson: LOW (0.15)
  [492/1402] bad-checks: LOW (0.15)
  [493/1402] burglary: LOW (0.15)
  [494/1402] child-endangerment: LOW (0.15)
  [495/1402] community-control-violation: LOW (0.15)
  [496/1402] concealed-carry-violation: LOW (0.15)
  [497/1402] credit-card-fraud: LOW (0.15)
  [498/1402] criminal-mischief: LOW (0.15)
  [499/1402] criminal-threat: LOW (0.15)
  [500/1402] disorderly-conduct: LOW (0.15)
  [501/1402] domestic-violence: LOW (0.15)
  [502/1402] driving-on-suspended: LOW (0.15)
  [503/1402] drug-paraphernalia: LOW (0.15)
  [504/1402] drug-possession: LOW (0.15)
  [505/1402] drug-possession-marijuana: LOW (0.15)
  [506/1402] drug-trafficking: LOW (0.15)
  [507/1402] dui-dwi: LOW (0.15)
  [508/1402] dui-felony-injury: LOW (0.15)
  [509/1402] escape-custody: LOW (0.15)
  [510/1402] extortion: LOW (0.15)
  [511/1402] false-report: LOW (0.15)
  [512/1402] felon-in-possession: LOW (0.15)
  [513/1402] fleeing-eluding: LOW (0.15)
  [514/1402] forgery: LOW (0.15)
  [515/1402] grand-theft: LOW (0.15)
  [516/1402] harassment: LOW (0.15)
  [517/1402] identity-theft: LOW (0.15)
  [518/1402] impersonating-officer: LOW (0.15)
  [519/1402] involuntary-manslaughter: LOW (0.15)
  [520/1402] kidnapping: LOW (0.15)
  [521/1402] motor-vehicle-theft: LOW (0.15)
  [522/1402] murder-first-degree: LOW (0.15)
  [523/1402] obstruction-justice: LOW (0.15)
  [524/1402] perjury: LOW (0.15)
  [525/1402] petty-theft: LOW (0.15)

--- RI ---
  [526/1402] aggravated-assault: LOW (0.15)
  [527/1402] aiding-abetting: LOW (0.15)
  [528/1402] animal-cruelty: LOW (0.15)
  [529/1402] armed-robbery: LOW (0.15)
  [530/1402] arson: LOW (0.15)
  [531/1402] assault-with-deadly-weapon: LOW (0.15)
  [532/1402] attempt: LOW (0.15)
  [533/1402] attempted-murder: LOW (0.15)
  [534/1402] bad-checks: LOW (0.15)
  [535/1402] battery: LOW (0.15)
  [536/1402] bribery: LOW (0.15)
  [537/1402] burglary: LOW (0.15)
  [538/1402] child-abuse: LOW (0.15)
  [539/1402] child-endangerment: LOW (0.15)
  [540/1402] child-exploitation: LOW (0.15)
  [541/1402] concealed-carry-violation: LOW (0.15)
  [542/1402] conspiracy: LOW (0.15)
  [543/1402] contempt-of-court: LOW (0.15)
  [544/1402] counterfeiting: LOW (0.15)
  [545/1402] credit-card-fraud: LOW (0.15)
  [546/1402] criminal-mischief: LOW (0.15)
  [547/1402] criminal-threat: LOW (0.15)
  [548/1402] disorderly-conduct: LOW (0.15)
  [549/1402] domestic-battery: LOW (0.15)
  [550/1402] domestic-violence: LOW (0.15)
  [551/1402] driving-on-suspended: LOW (0.15)
  [552/1402] drug-distribution: LOW (0.15)
  [553/1402] drug-manufacturing: LOW (0.15)
  [554/1402] drug-paraphernalia: LOW (0.15)
  [555/1402] drug-possession: LOW (0.15)
  [556/1402] drug-possession-cocaine: LOW (0.15)
  [557/1402] drug-possession-marijuana: LOW (0.15)
  [558/1402] drug-possession-meth: LOW (0.15)
  [559/1402] drug-possession-with-intent: LOW (0.15)
  [560/1402] drug-trafficking: LOW (0.15)
  [561/1402] dui-drugs: LOW (0.15)
  [562/1402] dui-dwi: LOW (0.15)
  [563/1402] dui-first-offense: LOW (0.15)
  [564/1402] dui-repeat-offense: LOW (0.15)
  [565/1402] elder-abuse: LOW (0.15)
  [566/1402] embezzlement: LOW (0.15)
  [567/1402] escape-custody: LOW (0.15)
  [568/1402] failure-to-appear: LOW (0.15)
  [569/1402] failure-to-register: LOW (0.15)
  [570/1402] false-report: LOW (0.15)
  [571/1402] felon-in-possession: LOW (0.15)
  [572/1402] fleeing-eluding: LOW (0.15)
  [573/1402] forgery: LOW (0.15)
  [574/1402] fraud-general: LOW (0.15)
  [575/1402] grand-theft: LOW (0.15)
  [576/1402] harassment: LOW (0.15)
  [577/1402] hit-and-run: LOW (0.15)
  [578/1402] identity-theft: LOW (0.15)
  [579/1402] illegal-discharge: LOW (0.15)
  [580/1402] indecent-exposure: LOW (0.15)
  [581/1402] insurance-fraud: LOW (0.15)
  [582/1402] involuntary-manslaughter: LOW (0.15)
  [583/1402] kidnapping: LOW (0.15)
  [584/1402] money-laundering: LOW (0.15)
  [585/1402] motor-vehicle-theft: LOW (0.15)
  [586/1402] murder-first-degree: LOW (0.15)
  [587/1402] murder-second-degree: LOW (0.15)
  [588/1402] obstruction-justice: LOW (0.15)
  [589/1402] parole-violation: LOW (0.15)
  [590/1402] perjury: LOW (0.15)
  [591/1402] petty-theft: LOW (0.15)
  [592/1402] probation-violation: LOW (0.15)
  [593/1402] public-intoxication: LOW (0.15)
  [594/1402] rape: LOW (0.15)
  [595/1402] receiving-stolen-property: LOW (0.15)
  [596/1402] reckless-driving: LOW (0.15)
  [597/1402] residential-burglary: LOW (0.15)
  [598/1402] resisting-arrest: LOW (0.15)
  [599/1402] robbery: LOW (0.15)
  [600/1402] sexual-assault: LOW (0.15)
  [601/1402] shoplifting: LOW (0.15)
  [602/1402] simple-assault: LOW (0.15)
  [603/1402] solicitation-prostitution: LOW (0.15)
  [604/1402] stalking: LOW (0.15)
  [605/1402] statutory-rape: LOW (0.15)
  [606/1402] theft-larceny: LOW (0.15)
  [607/1402] trespassing: LOW (0.15)
  [608/1402] vandalism: LOW (0.15)
  [609/1402] vehicular-homicide: LOW (0.15)
  [610/1402] vehicular-manslaughter: LOW (0.15)
  [611/1402] violation-protective-order: LOW (0.15)
  [612/1402] voluntary-manslaughter: LOW (0.15)
  [613/1402] weapons-possession: LOW (0.15)

--- SD ---
  [614/1402] aggravated-assault: LOW (0.15)
  [615/1402] aiding-abetting: LOW (0.15)
  [616/1402] animal-cruelty: LOW (0.15)
  [617/1402] armed-robbery: LOW (0.15)
  [618/1402] arson: LOW (0.15)
  [619/1402] assault-with-deadly-weapon: LOW (0.15)
  [620/1402] attempt: LOW (0.15)
  [621/1402] attempted-murder: LOW (0.15)
  [622/1402] bad-checks: LOW (0.15)
  [623/1402] battery: LOW (0.15)
  [624/1402] bribery: LOW (0.15)
  [625/1402] burglary: LOW (0.15)
  [626/1402] child-abuse: LOW (0.15)
  [627/1402] child-endangerment: LOW (0.15)
  [628/1402] child-exploitation: LOW (0.15)
  [629/1402] concealed-carry-violation: LOW (0.15)
  [630/1402] conspiracy: LOW (0.15)
  [631/1402] contempt-of-court: LOW (0.15)
  [632/1402] counterfeiting: LOW (0.15)
  [633/1402] credit-card-fraud: LOW (0.15)
  [634/1402] criminal-mischief: LOW (0.15)
  [635/1402] criminal-threat: LOW (0.15)
  [636/1402] disorderly-conduct: LOW (0.15)
  [637/1402] domestic-battery: LOW (0.15)
  [638/1402] domestic-violence: LOW (0.15)
  [639/1402] driving-on-suspended: LOW (0.15)
  [640/1402] drug-distribution: LOW (0.15)
  [641/1402] drug-manufacturing: LOW (0.15)
  [642/1402] drug-paraphernalia: LOW (0.15)
  [643/1402] drug-possession: LOW (0.15)
  [644/1402] drug-possession-cocaine: LOW (0.15)
  [645/1402] drug-possession-marijuana: LOW (0.15)
  [646/1402] drug-possession-meth: LOW (0.15)
  [647/1402] drug-possession-with-intent: LOW (0.15)
  [648/1402] drug-trafficking: LOW (0.15)
  [649/1402] dui-drugs: LOW (0.15)
  [650/1402] dui-dwi: LOW (0.15)
  [651/1402] dui-first-offense: LOW (0.15)
  [652/1402] dui-repeat-offense: LOW (0.15)
  [653/1402] elder-abuse: LOW (0.15)
  [654/1402] embezzlement: LOW (0.15)
  [655/1402] escape-custody: LOW (0.15)
  [656/1402] failure-to-appear: LOW (0.15)
  [657/1402] failure-to-register: LOW (0.15)
  [658/1402] false-report: LOW (0.15)
  [659/1402] felon-in-possession: LOW (0.15)
  [660/1402] fleeing-eluding: LOW (0.15)
  [661/1402] forgery: LOW (0.15)
  [662/1402] fraud-general: LOW (0.15)
  [663/1402] grand-theft: LOW (0.15)
  [664/1402] harassment: LOW (0.15)
  [665/1402] hit-and-run: LOW (0.15)
  [666/1402] identity-theft: LOW (0.15)
  [667/1402] illegal-discharge: LOW (0.15)
  [668/1402] indecent-exposure: LOW (0.15)
  [669/1402] insurance-fraud: LOW (0.15)
  [670/1402] involuntary-manslaughter: LOW (0.15)
  [671/1402] kidnapping: LOW (0.15)
  [672/1402] money-laundering: LOW (0.15)
  [673/1402] motor-vehicle-theft: LOW (0.15)
  [674/1402] murder-first-degree: LOW (0.15)
  [675/1402] murder-second-degree: LOW (0.15)
  [676/1402] obstruction-justice: LOW (0.15)
  [677/1402] parole-violation: LOW (0.15)
  [678/1402] perjury: LOW (0.15)
  [679/1402] petty-theft: LOW (0.15)
  [680/1402] probation-violation: LOW (0.15)
  [681/1402] public-intoxication: LOW (0.15)
  [682/1402] rape: LOW (0.15)
  [683/1402] receiving-stolen-property: LOW (0.15)
  [684/1402] reckless-driving: LOW (0.15)
  [685/1402] residential-burglary: LOW (0.15)
  [686/1402] resisting-arrest: LOW (0.15)
  [687/1402] robbery: LOW (0.15)
  [688/1402] sexual-assault: LOW (0.15)
  [689/1402] shoplifting: LOW (0.15)
  [690/1402] simple-assault: LOW (0.15)
  [691/1402] solicitation-prostitution: LOW (0.15)
  [692/1402] stalking: LOW (0.15)
  [693/1402] statutory-rape: LOW (0.15)
  [694/1402] theft-larceny: LOW (0.15)
  [695/1402] trespassing: LOW (0.15)
  [696/1402] vandalism: LOW (0.15)
  [697/1402] vehicular-homicide: LOW (0.15)
  [698/1402] vehicular-manslaughter: LOW (0.15)
  [699/1402] violation-protective-order: LOW (0.15)
  [700/1402] voluntary-manslaughter: LOW (0.15)
  [701/1402] weapons-possession: LOW (0.15)

--- TN ---
  [702/1402] aggravated-assault: LOW (0.15)
  [703/1402] aiding-abetting: LOW (0.15)
  [704/1402] animal-cruelty: LOW (0.15)
  [705/1402] armed-robbery: LOW (0.15)
  [706/1402] arson: LOW (0.15)
  [707/1402] assault-with-deadly-weapon: LOW (0.15)
  [708/1402] attempt: LOW (0.15)
  [709/1402] attempted-murder: LOW (0.15)
  [710/1402] bad-checks: LOW (0.15)
  [711/1402] battery: LOW (0.15)
  [712/1402] bribery: LOW (0.15)
  [713/1402] burglary: LOW (0.15)
  [714/1402] child-abuse: LOW (0.15)
  [715/1402] child-endangerment: LOW (0.15)
  [716/1402] child-exploitation: LOW (0.15)
  [717/1402] concealed-carry-violation: LOW (0.15)
  [718/1402] conspiracy: LOW (0.15)
  [719/1402] contempt-of-court: LOW (0.15)
  [720/1402] counterfeiting: LOW (0.15)
  [721/1402] credit-card-fraud: LOW (0.15)
  [722/1402] criminal-mischief: LOW (0.15)
  [723/1402] criminal-threat: LOW (0.15)
  [724/1402] disorderly-conduct: LOW (0.15)
  [725/1402] domestic-battery: LOW (0.15)
  [726/1402] domestic-violence: LOW (0.15)
  [727/1402] driving-on-suspended: LOW (0.15)
  [728/1402] drug-distribution: LOW (0.15)
  [729/1402] drug-manufacturing: LOW (0.15)
  [730/1402] drug-paraphernalia: LOW (0.15)
  [731/1402] drug-possession: LOW (0.15)
  [732/1402] drug-possession-cocaine: LOW (0.15)
  [733/1402] drug-possession-marijuana: LOW (0.15)
  [734/1402] drug-possession-meth: LOW (0.15)
  [735/1402] drug-possession-with-intent: LOW (0.15)
  [736/1402] drug-trafficking: LOW (0.15)
  [737/1402] dui-drugs: LOW (0.15)
  [738/1402] dui-dwi: LOW (0.15)
  [739/1402] dui-first-offense: LOW (0.15)
  [740/1402] dui-repeat-offense: LOW (0.15)
  [741/1402] elder-abuse: LOW (0.15)
  [742/1402] embezzlement: LOW (0.15)
  [743/1402] escape-custody: LOW (0.15)
  [744/1402] failure-to-appear: LOW (0.15)
  [745/1402] failure-to-register: LOW (0.15)
  [746/1402] false-report: LOW (0.15)
  [747/1402] felon-in-possession: LOW (0.15)
  [748/1402] fleeing-eluding: LOW (0.15)
  [749/1402] forgery: LOW (0.15)
  [750/1402] fraud-general: LOW (0.15)
  [751/1402] grand-theft: LOW (0.15)
  [752/1402] harassment: LOW (0.15)
  [753/1402] hit-and-run: LOW (0.15)
  [754/1402] identity-theft: LOW (0.15)
  [755/1402] illegal-discharge: LOW (0.15)
  [756/1402] indecent-exposure: LOW (0.15)
  [757/1402] insurance-fraud: LOW (0.15)
  [758/1402] involuntary-manslaughter: LOW (0.15)
  [759/1402] kidnapping: LOW (0.15)
  [760/1402] money-laundering: LOW (0.15)
  [761/1402] motor-vehicle-theft: LOW (0.15)
  [762/1402] murder-first-degree: LOW (0.15)
  [763/1402] murder-second-degree: LOW (0.15)
  [764/1402] obstruction-justice: LOW (0.15)
  [765/1402] parole-violation: LOW (0.15)
  [766/1402] perjury: LOW (0.15)
  [767/1402] petty-theft: LOW (0.15)
  [768/1402] probation-violation: LOW (0.15)
  [769/1402] public-intoxication: LOW (0.15)
  [770/1402] rape: LOW (0.15)
  [771/1402] receiving-stolen-property: LOW (0.15)
  [772/1402] reckless-driving: LOW (0.15)
  [773/1402] residential-burglary: LOW (0.15)
  [774/1402] resisting-arrest: LOW (0.15)
  [775/1402] robbery: LOW (0.15)
  [776/1402] sexual-assault: LOW (0.15)
  [777/1402] shoplifting: LOW (0.15)
  [778/1402] simple-assault: LOW (0.15)
  [779/1402] solicitation-prostitution: LOW (0.15)
  [780/1402] stalking: LOW (0.15)
  [781/1402] statutory-rape: LOW (0.15)
  [782/1402] theft-larceny: LOW (0.15)
  [783/1402] trespassing: LOW (0.15)
  [784/1402] vandalism: LOW (0.15)
  [785/1402] vehicular-homicide: LOW (0.15)
  [786/1402] vehicular-manslaughter: LOW (0.15)
  [787/1402] violation-protective-order: LOW (0.15)
  [788/1402] voluntary-manslaughter: LOW (0.15)
  [789/1402] weapons-possession: LOW (0.15)

--- TX ---
  [790/1402] aggravated-assault: LOW (0.15)
  [791/1402] aiding-abetting: LOW (0.15)
  [792/1402] animal-cruelty: LOW (0.15)
  [793/1402] armed-robbery: LOW (0.15)
  [794/1402] arson: LOW (0.15)
  [795/1402] assault-with-deadly-weapon: LOW (0.15)
  [796/1402] attempt: LOW (0.15)
  [797/1402] attempted-murder: LOW (0.15)
  [798/1402] bad-checks: LOW (0.15)
  [799/1402] battery: LOW (0.15)
  [800/1402] bribery: LOW (0.15)
  [801/1402] burglary: LOW (0.15)
  [802/1402] child-abuse: LOW (0.15)
  [803/1402] child-endangerment: LOW (0.15)
  [804/1402] child-exploitation: LOW (0.15)
  [805/1402] concealed-carry-violation: LOW (0.15)
  [806/1402] conspiracy: LOW (0.15)
  [807/1402] contempt-of-court: LOW (0.15)
  [808/1402] counterfeiting: LOW (0.15)
  [809/1402] credit-card-fraud: LOW (0.15)
  [810/1402] criminal-mischief: LOW (0.15)
  [811/1402] criminal-threat: LOW (0.15)
  [812/1402] disorderly-conduct: LOW (0.15)
  [813/1402] domestic-battery: LOW (0.15)
  [814/1402] domestic-violence: LOW (0.15)
  [815/1402] driving-on-suspended: LOW (0.15)
  [816/1402] drug-distribution: LOW (0.15)
  [817/1402] drug-manufacturing: LOW (0.15)
  [818/1402] drug-paraphernalia: LOW (0.15)
  [819/1402] drug-possession: LOW (0.15)
  [820/1402] drug-possession-cocaine: LOW (0.15)
  [821/1402] drug-possession-marijuana: LOW (0.15)
  [822/1402] drug-possession-meth: LOW (0.15)
  [823/1402] drug-possession-with-intent: LOW (0.15)
  [824/1402] drug-trafficking: LOW (0.15)
  [825/1402] dui-drugs: LOW (0.15)
  [826/1402] dui-dwi: LOW (0.15)
  [827/1402] dui-first-offense: LOW (0.15)
  [828/1402] dui-repeat-offense: LOW (0.15)
  [829/1402] elder-abuse: LOW (0.15)
  [830/1402] embezzlement: LOW (0.15)
  [831/1402] escape-custody: LOW (0.15)
  [832/1402] failure-to-appear: LOW (0.15)
  [833/1402] failure-to-register: LOW (0.15)
  [834/1402] false-report: LOW (0.15)
  [835/1402] felon-in-possession: LOW (0.15)
  [836/1402] fleeing-eluding: LOW (0.15)
  [837/1402] forgery: LOW (0.15)
  [838/1402] fraud-general: LOW (0.15)
  [839/1402] grand-theft: LOW (0.15)
  [840/1402] harassment: LOW (0.15)
  [841/1402] hit-and-run: LOW (0.15)
  [842/1402] identity-theft: LOW (0.15)
  [843/1402] illegal-discharge: LOW (0.15)
  [844/1402] indecent-exposure: LOW (0.15)
  [845/1402] insurance-fraud: LOW (0.15)
  [846/1402] involuntary-manslaughter: LOW (0.15)
  [847/1402] kidnapping: LOW (0.15)
  [848/1402] money-laundering: LOW (0.15)
  [849/1402] motor-vehicle-theft: LOW (0.15)
  [850/1402] murder-first-degree: LOW (0.15)
  [851/1402] murder-second-degree: LOW (0.15)
  [852/1402] obstruction-justice: LOW (0.15)
  [853/1402] parole-violation: LOW (0.15)
  [854/1402] perjury: LOW (0.15)
  [855/1402] petty-theft: LOW (0.15)
  [856/1402] probation-violation: LOW (0.15)
  [857/1402] public-intoxication: LOW (0.15)
  [858/1402] rape: LOW (0.15)
  [859/1402] receiving-stolen-property: LOW (0.15)
  [860/1402] reckless-driving: LOW (0.15)
  [861/1402] residential-burglary: LOW (0.15)
  [862/1402] resisting-arrest: LOW (0.15)
  [863/1402] robbery: LOW (0.15)
  [864/1402] sexual-assault: LOW (0.15)
  [865/1402] shoplifting: LOW (0.15)
  [866/1402] simple-assault: LOW (0.15)
  [867/1402] solicitation-prostitution: LOW (0.15)
  [868/1402] stalking: LOW (0.15)
  [869/1402] statutory-rape: LOW (0.15)
  [870/1402] theft-larceny: LOW (0.15)
  [871/1402] trespassing: LOW (0.15)
  [872/1402] vandalism: LOW (0.15)
  [873/1402] vehicular-homicide: LOW (0.15)
  [874/1402] vehicular-manslaughter: LOW (0.15)
  [875/1402] violation-protective-order: LOW (0.15)
  [876/1402] voluntary-manslaughter: LOW (0.15)
  [877/1402] weapons-possession: LOW (0.15)

--- UT ---
  [878/1402] aggravated-assault: LOW (0.15)
  [879/1402] aiding-abetting: LOW (0.15)
  [880/1402] animal-cruelty: LOW (0.15)
  [881/1402] armed-robbery: LOW (0.15)
  [882/1402] arson: LOW (0.15)
  [883/1402] assault-with-deadly-weapon: LOW (0.15)
  [884/1402] attempt: LOW (0.15)
  [885/1402] attempted-murder: LOW (0.15)
  [886/1402] bad-checks: LOW (0.15)
  [887/1402] battery: LOW (0.15)
  [888/1402] bribery: LOW (0.15)
  [889/1402] burglary: LOW (0.15)
  [890/1402] child-abuse: LOW (0.15)
  [891/1402] child-endangerment: LOW (0.15)
  [892/1402] child-exploitation: LOW (0.15)
  [893/1402] concealed-carry-violation: LOW (0.15)
  [894/1402] conspiracy: LOW (0.15)
  [895/1402] contempt-of-court: LOW (0.15)
  [896/1402] counterfeiting: LOW (0.15)
  [897/1402] credit-card-fraud: LOW (0.15)
  [898/1402] criminal-mischief: LOW (0.15)
  [899/1402] criminal-threat: LOW (0.15)
  [900/1402] disorderly-conduct: LOW (0.15)
  [901/1402] domestic-battery: LOW (0.15)
  [902/1402] domestic-violence: LOW (0.15)
  [903/1402] driving-on-suspended: LOW (0.15)
  [904/1402] drug-distribution: LOW (0.15)
  [905/1402] drug-manufacturing: LOW (0.15)
  [906/1402] drug-paraphernalia: LOW (0.15)
  [907/1402] drug-possession: LOW (0.15)
  [908/1402] drug-possession-cocaine: LOW (0.15)
  [909/1402] drug-possession-marijuana: LOW (0.15)
  [910/1402] drug-possession-meth: LOW (0.15)
  [911/1402] drug-possession-with-intent: LOW (0.15)
  [912/1402] drug-trafficking: LOW (0.15)
  [913/1402] dui-drugs: LOW (0.15)
  [914/1402] dui-dwi: LOW (0.15)
  [915/1402] dui-first-offense: LOW (0.15)
  [916/1402] dui-repeat-offense: LOW (0.15)
  [917/1402] elder-abuse: LOW (0.15)
  [918/1402] embezzlement: LOW (0.15)
  [919/1402] escape-custody: LOW (0.15)
  [920/1402] failure-to-appear: LOW (0.15)
  [921/1402] failure-to-register: LOW (0.15)
  [922/1402] false-report: LOW (0.15)
  [923/1402] felon-in-possession: LOW (0.15)
  [924/1402] fleeing-eluding: LOW (0.15)
  [925/1402] forgery: LOW (0.15)
  [926/1402] fraud-general: LOW (0.15)
  [927/1402] grand-theft: LOW (0.15)
  [928/1402] harassment: LOW (0.15)
  [929/1402] hit-and-run: LOW (0.15)
  [930/1402] identity-theft: LOW (0.15)
  [931/1402] illegal-discharge: LOW (0.15)
  [932/1402] indecent-exposure: LOW (0.15)
  [933/1402] insurance-fraud: LOW (0.15)
  [934/1402] involuntary-manslaughter: LOW (0.15)
  [935/1402] kidnapping: LOW (0.15)
  [936/1402] money-laundering: LOW (0.15)
  [937/1402] motor-vehicle-theft: LOW (0.15)
  [938/1402] murder-first-degree: LOW (0.15)
  [939/1402] murder-second-degree: LOW (0.15)
  [940/1402] obstruction-justice: LOW (0.15)
  [941/1402] parole-violation: LOW (0.15)
  [942/1402] perjury: LOW (0.15)
  [943/1402] petty-theft: LOW (0.15)
  [944/1402] probation-violation: LOW (0.15)
  [945/1402] public-intoxication: LOW (0.15)
  [946/1402] rape: LOW (0.15)
  [947/1402] receiving-stolen-property: LOW (0.15)
  [948/1402] reckless-driving: LOW (0.15)
  [949/1402] residential-burglary: LOW (0.15)
  [950/1402] resisting-arrest: LOW (0.15)
  [951/1402] robbery: LOW (0.15)
  [952/1402] sexual-assault: LOW (0.15)
  [953/1402] shoplifting: LOW (0.15)
  [954/1402] simple-assault: LOW (0.15)
  [955/1402] solicitation-prostitution: LOW (0.15)
  [956/1402] stalking: LOW (0.15)
  [957/1402] statutory-rape: LOW (0.15)
  [958/1402] theft-larceny: LOW (0.15)
  [959/1402] trespassing: LOW (0.15)
  [960/1402] vandalism: LOW (0.15)
  [961/1402] vehicular-homicide: LOW (0.15)
  [962/1402] vehicular-manslaughter: LOW (0.15)
  [963/1402] violation-protective-order: LOW (0.15)
  [964/1402] voluntary-manslaughter: LOW (0.15)
  [965/1402] weapons-possession: LOW (0.15)

--- VA ---
  [966/1402] aggravated-assault: LOW (0.15)
  [967/1402] armed-robbery: LOW (0.15)
  [968/1402] arson: LOW (0.15)
  [969/1402] assault-with-deadly-weapon: LOW (0.15)
  [970/1402] attempted-murder: LOW (0.15)
  [971/1402] bad-checks: LOW (0.15)
  [972/1402] burglary: LOW (0.15)
  [973/1402] child-abuse: LOW (0.15)
  [974/1402] child-endangerment: LOW (0.15)
  [975/1402] child-exploitation: LOW (0.15)
  [976/1402] commercial-burglary: LOW (0.15)
  [977/1402] conspiracy: LOW (0.15)
  [978/1402] contempt-of-court: LOW (0.15)
  [979/1402] credit-card-fraud: LOW (0.15)
  [980/1402] criminal-mischief: LOW (0.15)
  [981/1402] criminal-threat: LOW (0.15)
  [982/1402] disorderly-conduct: LOW (0.15)
  [983/1402] domestic-battery: LOW (0.15)
  [984/1402] domestic-violence: LOW (0.15)
  [985/1402] driving-on-suspended: LOW (0.15)
  [986/1402] drug-distribution: LOW (0.15)
  [987/1402] drug-manufacturing: LOW (0.15)
  [988/1402] drug-paraphernalia: LOW (0.15)
  [989/1402] drug-possession: LOW (0.15)
  [990/1402] drug-possession-cocaine: LOW (0.15)
  [991/1402] drug-possession-marijuana: LOW (0.15)
  [992/1402] drug-possession-meth: LOW (0.15)
  [993/1402] drug-possession-opioids: LOW (0.15)
  [994/1402] drug-possession-with-intent: LOW (0.15)
  [995/1402] drug-trafficking: LOW (0.15)
  [996/1402] dui-drugs: LOW (0.15)
  [997/1402] dui-dwi: LOW (0.15)
  [998/1402] dui-first-offense: LOW (0.15)
  [999/1402] dui-repeat-offense: LOW (0.15)
  [1000/1402] elder-abuse: LOW (0.15)
  [1001/1402] embezzlement: LOW (0.15)
  [1002/1402] failure-to-appear: LOW (0.15)
  [1003/1402] failure-to-register: LOW (0.15)
  [1004/1402] false-report: LOW (0.15)
  [1005/1402] felon-in-possession: LOW (0.15)
  [1006/1402] fleeing-eluding: LOW (0.15)
  [1007/1402] forgery: LOW (0.15)
  [1008/1402] fraud-general: LOW (0.15)
  [1009/1402] grand-theft: LOW (0.15)
  [1010/1402] harassment: LOW (0.15)
  [1011/1402] hit-and-run: LOW (0.15)
  [1012/1402] identity-theft: LOW (0.15)
  [1013/1402] illegal-discharge: LOW (0.15)
  [1014/1402] indecent-exposure: LOW (0.15)
  [1015/1402] insurance-fraud: LOW (0.15)
  [1016/1402] involuntary-manslaughter: LOW (0.15)
  [1017/1402] kidnapping: LOW (0.15)
  [1018/1402] loitering: LOW (0.15)
  [1019/1402] money-laundering: LOW (0.15)
  [1020/1402] motor-vehicle-theft: LOW (0.15)
  [1021/1402] murder-first-degree: LOW (0.15)
  [1022/1402] murder-second-degree: LOW (0.15)
  [1023/1402] obstruction-justice: LOW (0.15)
  [1024/1402] open-container: LOW (0.15)
  [1025/1402] other: UNVERIFIED
  [1026/1402] petty-theft: LOW (0.15)
  [1027/1402] possession-prohibited-weapon: LOW (0.15)
  [1028/1402] prescription-fraud: LOW (0.15)
  [1029/1402] probation-violation: LOW (0.15)
  [1030/1402] probation-violation-substantive: LOW (0.15)
  [1031/1402] probation-violation-technical: LOW (0.15)
  [1032/1402] public-intoxication: LOW (0.15)
  [1033/1402] rape: LOW (0.15)
  [1034/1402] receiving-stolen-property: LOW (0.15)
  [1035/1402] reckless-driving: LOW (0.15)
  [1036/1402] refusing-breath-test: LOW (0.15)
  [1037/1402] residential-burglary: LOW (0.15)
  [1038/1402] resisting-arrest: LOW (0.15)
  [1039/1402] robbery: LOW (0.15)
  [1040/1402] securities-fraud: LOW (0.15)
  [1041/1402] self-defense: LOW (0.15)
  [1042/1402] sex-offense-contact: LOW (0.15)
  [1043/1402] sexual-assault: LOW (0.15)
  [1044/1402] sexual-battery: LOW (0.15)
  [1045/1402] shoplifting: LOW (0.15)
  [1046/1402] simple-assault: LOW (0.15)
  [1047/1402] solicitation-prostitution: LOW (0.15)
  [1048/1402] stalking: LOW (0.15)
  [1049/1402] statutory-rape: LOW (0.15)
  [1050/1402] trespassing: LOW (0.15)
  [1051/1402] vandalism: LOW (0.15)
  [1052/1402] vehicular-manslaughter: LOW (0.15)
  [1053/1402] violation-protective-order: LOW (0.15)
  [1054/1402] voluntary-manslaughter: LOW (0.15)
  [1055/1402] weapons-possession: LOW (0.15)
  [1056/1402] wire-fraud: LOW (0.15)

--- VT ---
  [1057/1402] aggravated-assault: LOW (0.15)
  [1058/1402] aiding-abetting: LOW (0.15)
  [1059/1402] animal-cruelty: LOW (0.15)
  [1060/1402] armed-robbery: LOW (0.15)
  [1061/1402] arson: LOW (0.15)
  [1062/1402] assault-with-deadly-weapon: LOW (0.15)
  [1063/1402] attempt: LOW (0.15)
  [1064/1402] attempted-murder: LOW (0.15)
  [1065/1402] bad-checks: LOW (0.15)
  [1066/1402] battery: LOW (0.15)
  [1067/1402] bribery: LOW (0.15)
  [1068/1402] burglary: LOW (0.15)
  [1069/1402] child-abuse: LOW (0.15)
  [1070/1402] child-endangerment: LOW (0.15)
  [1071/1402] child-exploitation: LOW (0.15)
  [1072/1402] concealed-carry-violation: LOW (0.15)
  [1073/1402] conspiracy: LOW (0.15)
  [1074/1402] contempt-of-court: LOW (0.15)
  [1075/1402] counterfeiting: LOW (0.15)
  [1076/1402] credit-card-fraud: LOW (0.15)
  [1077/1402] criminal-mischief: LOW (0.15)
  [1078/1402] criminal-threat: LOW (0.15)
  [1079/1402] disorderly-conduct: LOW (0.15)
  [1080/1402] domestic-battery: LOW (0.15)
  [1081/1402] domestic-violence: LOW (0.15)
  [1082/1402] driving-on-suspended: LOW (0.15)
  [1083/1402] drug-distribution: LOW (0.15)
  [1084/1402] drug-manufacturing: LOW (0.15)
  [1085/1402] drug-paraphernalia: LOW (0.15)
  [1086/1402] drug-possession: LOW (0.15)
  [1087/1402] drug-possession-cocaine: LOW (0.15)
  [1088/1402] drug-possession-marijuana: LOW (0.15)
  [1089/1402] drug-possession-meth: LOW (0.15)
  [1090/1402] drug-possession-with-intent: LOW (0.15)
  [1091/1402] drug-trafficking: LOW (0.15)
  [1092/1402] dui-drugs: LOW (0.15)
  [1093/1402] dui-dwi: LOW (0.15)
  [1094/1402] dui-first-offense: LOW (0.15)
  [1095/1402] dui-repeat-offense: LOW (0.15)
  [1096/1402] elder-abuse: LOW (0.15)
  [1097/1402] embezzlement: LOW (0.15)
  [1098/1402] escape-custody: LOW (0.15)
  [1099/1402] failure-to-appear: LOW (0.15)
  [1100/1402] failure-to-register: LOW (0.15)
  [1101/1402] false-report: LOW (0.15)
  [1102/1402] felon-in-possession: LOW (0.15)
  [1103/1402] fleeing-eluding: LOW (0.15)
  [1104/1402] forgery: LOW (0.15)
  [1105/1402] fraud-general: LOW (0.15)
  [1106/1402] grand-theft: LOW (0.15)
  [1107/1402] harassment: LOW (0.15)
  [1108/1402] hit-and-run: LOW (0.15)
  [1109/1402] identity-theft: LOW (0.15)
  [1110/1402] illegal-discharge: LOW (0.15)
  [1111/1402] indecent-exposure: LOW (0.15)
  [1112/1402] insurance-fraud: LOW (0.15)
  [1113/1402] involuntary-manslaughter: LOW (0.15)
  [1114/1402] kidnapping: LOW (0.15)
  [1115/1402] money-laundering: LOW (0.15)
  [1116/1402] motor-vehicle-theft: LOW (0.15)
  [1117/1402] murder-first-degree: LOW (0.15)
  [1118/1402] murder-second-degree: LOW (0.15)
  [1119/1402] obstruction-justice: LOW (0.15)
  [1120/1402] parole-violation: LOW (0.15)
  [1121/1402] perjury: LOW (0.15)
  [1122/1402] petty-theft: LOW (0.15)
  [1123/1402] probation-violation: LOW (0.15)
  [1124/1402] public-intoxication: LOW (0.15)
  [1125/1402] rape: LOW (0.15)
  [1126/1402] receiving-stolen-property: LOW (0.15)
  [1127/1402] reckless-driving: LOW (0.15)
  [1128/1402] residential-burglary: LOW (0.15)
  [1129/1402] resisting-arrest: LOW (0.15)
  [1130/1402] robbery: LOW (0.15)
  [1131/1402] sexual-assault: LOW (0.15)
  [1132/1402] shoplifting: LOW (0.15)
  [1133/1402] simple-assault: LOW (0.15)
  [1134/1402] solicitation-prostitution: LOW (0.15)
  [1135/1402] stalking: LOW (0.15)
  [1136/1402] statutory-rape: LOW (0.15)
  [1137/1402] theft-larceny: LOW (0.15)
  [1138/1402] trespassing: LOW (0.15)
  [1139/1402] vandalism: LOW (0.15)
  [1140/1402] vehicular-homicide: LOW (0.15)
  [1141/1402] vehicular-manslaughter: LOW (0.15)
  [1142/1402] violation-protective-order: LOW (0.15)
  [1143/1402] voluntary-manslaughter: LOW (0.15)
  [1144/1402] weapons-possession: LOW (0.15)

--- WA ---
  [1145/1402] aggravated-assault: LOW (0.15)
  [1146/1402] aiding-abetting: LOW (0.15)
  [1147/1402] animal-cruelty: LOW (0.15)
  [1148/1402] armed-robbery: LOW (0.15)
  [1149/1402] arson: LOW (0.15)
  [1150/1402] assault-with-deadly-weapon: LOW (0.15)
  [1151/1402] attempt: LOW (0.15)
  [1152/1402] attempted-murder: LOW (0.15)
  [1153/1402] battery: LOW (0.15)
  [1154/1402] bribery: LOW (0.15)
  [1155/1402] burglary: LOW (0.15)
  [1156/1402] child-abuse: LOW (0.15)
  [1157/1402] child-endangerment: LOW (0.15)
  [1158/1402] credit-card-fraud: LOW (0.15)

--- WI ---
  [1159/1402] child-abuse: LOW (0.15)
  [1160/1402] child-endangerment: LOW (0.15)
  [1161/1402] child-exploitation: LOW (0.15)
  [1162/1402] concealed-carry-violation: LOW (0.15)
  [1163/1402] conspiracy: LOW (0.15)
  [1164/1402] contempt-of-court: LOW (0.15)
  [1165/1402] credit-card-fraud: LOW (0.15)
  [1166/1402] criminal-mischief: LOW (0.15)
  [1167/1402] criminal-threat: LOW (0.15)
  [1168/1402] disorderly-conduct: LOW (0.15)
  [1169/1402] domestic-battery: LOW (0.15)
  [1170/1402] domestic-violence: LOW (0.15)
  [1171/1402] driving-on-suspended: LOW (0.15)
  [1172/1402] drug-distribution: LOW (0.15)
  [1173/1402] drug-manufacturing: LOW (0.15)
  [1174/1402] drug-paraphernalia: LOW (0.15)
  [1175/1402] drug-possession: LOW (0.15)
  [1176/1402] drug-possession-cocaine: LOW (0.15)
  [1177/1402] drug-possession-marijuana: LOW (0.15)
  [1178/1402] drug-possession-meth: LOW (0.15)
  [1179/1402] drug-possession-with-intent: LOW (0.15)
  [1180/1402] drug-trafficking: LOW (0.15)
  [1181/1402] dui-drugs: LOW (0.15)
  [1182/1402] dui-dwi: LOW (0.15)
  [1183/1402] dui-first-offense: LOW (0.15)
  [1184/1402] dui-repeat-offense: LOW (0.15)
  [1185/1402] elder-abuse: LOW (0.15)
  [1186/1402] embezzlement: LOW (0.15)
  [1187/1402] escape-custody: LOW (0.15)
  [1188/1402] failure-to-appear: LOW (0.15)
  [1189/1402] failure-to-register: LOW (0.15)
  [1190/1402] false-report: LOW (0.15)
  [1191/1402] felon-in-possession: LOW (0.15)
  [1192/1402] fleeing-eluding: LOW (0.15)
  [1193/1402] forgery: LOW (0.15)
  [1194/1402] fraud-general: LOW (0.15)
  [1195/1402] grand-theft: LOW (0.15)
  [1196/1402] harassment: LOW (0.15)
  [1197/1402] hit-and-run: LOW (0.15)
  [1198/1402] identity-theft: LOW (0.15)
  [1199/1402] illegal-discharge: LOW (0.15)
  [1200/1402] indecent-exposure: LOW (0.15)
  [1201/1402] involuntary-manslaughter: LOW (0.15)
  [1202/1402] kidnapping: LOW (0.15)
  [1203/1402] money-laundering: LOW (0.15)
  [1204/1402] motor-vehicle-theft: LOW (0.15)
  [1205/1402] murder-first-degree: LOW (0.15)
  [1206/1402] murder-second-degree: LOW (0.15)
  [1207/1402] obstruction-justice: LOW (0.15)
  [1208/1402] parole-violation: LOW (0.15)
  [1209/1402] perjury: LOW (0.15)
  [1210/1402] petty-theft: LOW (0.15)
  [1211/1402] probation-violation: LOW (0.15)
  [1212/1402] public-intoxication: LOW (0.15)
  [1213/1402] rape: LOW (0.15)
  [1214/1402] receiving-stolen-property: LOW (0.15)
  [1215/1402] reckless-driving: LOW (0.15)
  [1216/1402] residential-burglary: LOW (0.15)
  [1217/1402] resisting-arrest: LOW (0.15)
  [1218/1402] robbery: LOW (0.15)
  [1219/1402] sexual-assault: LOW (0.15)
  [1220/1402] shoplifting: LOW (0.15)
  [1221/1402] simple-assault: LOW (0.15)
  [1222/1402] solicitation-prostitution: LOW (0.15)
  [1223/1402] stalking: LOW (0.15)
  [1224/1402] statutory-rape: LOW (0.15)
  [1225/1402] theft-larceny: LOW (0.15)
  [1226/1402] trespassing: LOW (0.15)
  [1227/1402] vandalism: LOW (0.15)
  [1228/1402] vehicular-homicide: LOW (0.15)
  [1229/1402] vehicular-manslaughter: LOW (0.15)
  [1230/1402] violation-protective-order: LOW (0.15)
  [1231/1402] voluntary-manslaughter: LOW (0.15)
  [1232/1402] weapons-possession: LOW (0.15)

--- WV ---
  [1233/1402] aggravated-assault: LOW (0.15)
  [1234/1402] aiding-abetting: LOW (0.15)
  [1235/1402] animal-cruelty: LOW (0.15)
  [1236/1402] armed-robbery: LOW (0.15)
  [1237/1402] arson: LOW (0.15)
  [1238/1402] assault-with-deadly-weapon: LOW (0.15)
  [1239/1402] attempt: LOW (0.15)
  [1240/1402] attempted-murder: LOW (0.15)
  [1241/1402] battery: LOW (0.15)
  [1242/1402] bribery: LOW (0.15)
  [1243/1402] burglary: LOW (0.15)
  [1244/1402] child-abuse: LOW (0.15)
  [1245/1402] child-endangerment: LOW (0.15)
  [1246/1402] child-exploitation: LOW (0.15)
  [1247/1402] concealed-carry-violation: LOW (0.15)
  [1248/1402] conspiracy: LOW (0.15)
  [1249/1402] contempt-of-court: LOW (0.15)
  [1250/1402] credit-card-fraud: LOW (0.15)
  [1251/1402] criminal-mischief: LOW (0.15)
  [1252/1402] criminal-threat: LOW (0.15)
  [1253/1402] disorderly-conduct: LOW (0.15)
  [1254/1402] domestic-battery: LOW (0.15)
  [1255/1402] domestic-violence: LOW (0.15)
  [1256/1402] driving-on-suspended: LOW (0.15)
  [1257/1402] drug-distribution: LOW (0.15)
  [1258/1402] drug-manufacturing: LOW (0.15)
  [1259/1402] drug-paraphernalia: LOW (0.15)
  [1260/1402] drug-possession: LOW (0.15)
  [1261/1402] drug-possession-cocaine: LOW (0.15)
  [1262/1402] drug-possession-marijuana: LOW (0.15)
  [1263/1402] drug-possession-meth: LOW (0.15)
  [1264/1402] drug-possession-with-intent: LOW (0.15)
  [1265/1402] drug-trafficking: LOW (0.15)
  [1266/1402] dui-drugs: LOW (0.15)
  [1267/1402] dui-dwi: LOW (0.15)
  [1268/1402] dui-first-offense: LOW (0.15)
  [1269/1402] dui-repeat-offense: LOW (0.15)
  [1270/1402] elder-abuse: LOW (0.15)
  [1271/1402] embezzlement: LOW (0.15)
  [1272/1402] escape-custody: LOW (0.15)
  [1273/1402] failure-to-appear: LOW (0.15)
  [1274/1402] failure-to-register: LOW (0.15)
  [1275/1402] false-report: LOW (0.15)
  [1276/1402] felon-in-possession: LOW (0.15)
  [1277/1402] fleeing-eluding: LOW (0.15)
  [1278/1402] forgery: LOW (0.15)
  [1279/1402] fraud-general: LOW (0.15)
  [1280/1402] grand-theft: LOW (0.15)
  [1281/1402] harassment: LOW (0.15)
  [1282/1402] hit-and-run: LOW (0.15)
  [1283/1402] identity-theft: LOW (0.15)
  [1284/1402] illegal-discharge: LOW (0.15)
  [1285/1402] indecent-exposure: LOW (0.15)
  [1286/1402] involuntary-manslaughter: LOW (0.15)
  [1287/1402] kidnapping: LOW (0.15)
  [1288/1402] money-laundering: LOW (0.15)
  [1289/1402] motor-vehicle-theft: LOW (0.15)
  [1290/1402] murder-first-degree: LOW (0.15)
  [1291/1402] murder-second-degree: LOW (0.15)
  [1292/1402] obstruction-justice: LOW (0.15)
  [1293/1402] parole-violation: LOW (0.15)
  [1294/1402] perjury: LOW (0.15)
  [1295/1402] petty-theft: LOW (0.15)
  [1296/1402] probation-violation: LOW (0.15)
  [1297/1402] public-intoxication: LOW (0.15)
  [1298/1402] rape: LOW (0.15)
  [1299/1402] receiving-stolen-property: LOW (0.15)
  [1300/1402] reckless-driving: LOW (0.15)
  [1301/1402] residential-burglary: LOW (0.15)
  [1302/1402] resisting-arrest: LOW (0.15)
  [1303/1402] robbery: LOW (0.15)
  [1304/1402] sexual-assault: LOW (0.15)
  [1305/1402] shoplifting: LOW (0.15)
  [1306/1402] simple-assault: LOW (0.15)
  [1307/1402] solicitation-prostitution: LOW (0.15)
  [1308/1402] stalking: LOW (0.15)
  [1309/1402] statutory-rape: LOW (0.15)
  [1310/1402] theft-larceny: LOW (0.15)
  [1311/1402] trespassing: LOW (0.15)
  [1312/1402] vandalism: LOW (0.15)
  [1313/1402] vehicular-homicide: LOW (0.15)
  [1314/1402] vehicular-manslaughter: LOW (0.15)
  [1315/1402] violation-protective-order: LOW (0.15)
  [1316/1402] voluntary-manslaughter: LOW (0.15)
  [1317/1402] weapons-possession: LOW (0.15)

--- WY ---
  [1318/1402] aggravated-assault: LOW (0.15)
  [1319/1402] aiding-abetting: LOW (0.15)
  [1320/1402] animal-cruelty: LOW (0.15)
  [1321/1402] armed-robbery: LOW (0.15)
  [1322/1402] arson: LOW (0.15)
  [1323/1402] assault-with-deadly-weapon: LOW (0.15)
  [1324/1402] attempt: LOW (0.15)
  [1325/1402] attempted-murder: LOW (0.15)
  [1326/1402] battery: LOW (0.15)
  [1327/1402] bribery: LOW (0.15)
  [1328/1402] burglary: LOW (0.15)
  [1329/1402] child-abuse: LOW (0.15)
  [1330/1402] child-endangerment: LOW (0.15)
  [1331/1402] child-exploitation: LOW (0.15)
  [1332/1402] concealed-carry-violation: LOW (0.15)
  [1333/1402] conspiracy: LOW (0.15)
  [1334/1402] contempt-of-court: LOW (0.15)
  [1335/1402] credit-card-fraud: LOW (0.15)
  [1336/1402] criminal-mischief: LOW (0.15)
  [1337/1402] criminal-threat: LOW (0.15)
  [1338/1402] disorderly-conduct: LOW (0.15)
  [1339/1402] domestic-battery: LOW (0.15)
  [1340/1402] domestic-violence: LOW (0.15)
  [1341/1402] driving-on-suspended: LOW (0.15)
  [1342/1402] drug-distribution: LOW (0.15)
  [1343/1402] drug-manufacturing: LOW (0.15)
  [1344/1402] drug-paraphernalia: LOW (0.15)
  [1345/1402] drug-possession: LOW (0.15)
  [1346/1402] drug-possession-cocaine: LOW (0.15)
  [1347/1402] drug-possession-marijuana: LOW (0.15)
  [1348/1402] drug-possession-meth: LOW (0.15)
  [1349/1402] drug-possession-with-intent: LOW (0.15)
  [1350/1402] drug-trafficking: LOW (0.15)
  [1351/1402] dui-drugs: LOW (0.15)
  [1352/1402] dui-dwi: LOW (0.15)
  [1353/1402] dui-first-offense: LOW (0.15)
  [1354/1402] dui-repeat-offense: LOW (0.15)
  [1355/1402] elder-abuse: LOW (0.15)
  [1356/1402] embezzlement: LOW (0.15)
  [1357/1402] escape-custody: LOW (0.15)
  [1358/1402] failure-to-appear: LOW (0.15)
  [1359/1402] failure-to-register: LOW (0.15)
  [1360/1402] false-report: LOW (0.15)
  [1361/1402] felon-in-possession: LOW (0.15)
  [1362/1402] fleeing-eluding: LOW (0.15)
  [1363/1402] forgery: LOW (0.15)
  [1364/1402] fraud-general: LOW (0.15)
  [1365/1402] grand-theft: LOW (0.15)
  [1366/1402] harassment: LOW (0.15)
  [1367/1402] hit-and-run: LOW (0.15)
  [1368/1402] identity-theft: LOW (0.15)
  [1369/1402] illegal-discharge: LOW (0.15)
  [1370/1402] indecent-exposure: LOW (0.15)
  [1371/1402] involuntary-manslaughter: LOW (0.15)
  [1372/1402] kidnapping: LOW (0.15)
  [1373/1402] money-laundering: LOW (0.15)
  [1374/1402] motor-vehicle-theft: LOW (0.15)
  [1375/1402] murder-first-degree: LOW (0.15)
  [1376/1402] murder-second-degree: LOW (0.15)
  [1377/1402] obstruction-justice: LOW (0.15)
  [1378/1402] parole-violation: LOW (0.15)
  [1379/1402] perjury: LOW (0.15)
  [1380/1402] petty-theft: LOW (0.15)
  [1381/1402] probation-violation: LOW (0.15)
  [1382/1402] public-intoxication: LOW (0.15)
  [1383/1402] rape: LOW (0.15)
  [1384/1402] receiving-stolen-property: LOW (0.15)
  [1385/1402] reckless-driving: LOW (0.15)
  [1386/1402] residential-burglary: LOW (0.15)
  [1387/1402] resisting-arrest: LOW (0.15)
  [1388/1402] robbery: LOW (0.15)
  [1389/1402] sexual-assault: LOW (0.15)
  [1390/1402] shoplifting: LOW (0.15)
  [1391/1402] simple-assault: LOW (0.15)
  [1392/1402] solicitation-prostitution: LOW (0.15)
  [1393/1402] stalking: LOW (0.15)
  [1394/1402] statutory-rape: LOW (0.15)
  [1395/1402] theft-larceny: LOW (0.15)
  [1396/1402] trespassing: LOW (0.15)
  [1397/1402] vandalism: LOW (0.15)
  [1398/1402] vehicular-homicide: LOW (0.15)
  [1399/1402] vehicular-manslaughter: LOW (0.15)
  [1400/1402] violation-protective-order: LOW (0.15)
  [1401/1402] voluntary-manslaughter: LOW (0.15)
  [1402/1402] weapons-possession: LOW (0.15)


=== VERIFICATION SUMMARY ===
Total statutes:    1402
Verified:          1401
Failed/Unverified: 1
Case law stored:   3076

Per-jurisdiction:
  ND          67/ 67 [####################] 100% (+12 case law)
  NE          88/ 88 [####################] 100% (+378 case law)
  NH          88/ 88 [####################] 100%
  NM          88/ 88 [####################] 100%
  NV          69/ 69 [####################] 100%
  NY          88/ 88 [####################] 100% (+1 case law)
  OH          37/ 37 [####################] 100% (+7 case law)
  RI          88/ 88 [####################] 100% (+5 case law)
  SD          88/ 88 [####################] 100% (+16 case law)
  TN          88/ 88 [####################] 100% (+340 case law)
  TX          88/ 88 [####################] 100% (+355 case law)
  UT          88/ 88 [####################] 100% (+234 case law)
  VA          90/ 91 [####################] 99% (+418 case law)
  VT          88/ 88 [####################] 100% (+365 case law)
  WA          14/ 14 [####################] 100%
  WI          74/ 74 [####################] 100% (+353 case law)
  WV          85/ 85 [####################] 100% (+330 case law)
  WY          85/ 85 [####################] 100% (+262 case law)

⚠ Jurisdictions with unverified statutes:
  VA: 1 statutes need review
