=== BULK k-NN SIMILAR CASE MATCHER ===

Loaded tokens from .env files

Phase 1: Loading good-law cases from DB...
  Loaded 1000 cases...
  Loaded 2000 cases...
  Loaded 3000 cases...
  Loaded 3407 cases...
Total good-law cases loaded: 3407

Phase 2: Building feature vectors...
Feature vectors built: 3407
  Jurisdiction extracted: 3407/3407
  Motion types: 1656/3407
  Legal issues: 3051/3407

Phase 3: Computing k-NN similarities (O(n^2))...
  Case 0/3407 (NaN/sec)...
  Case 100/3407 (140/sec)...
  Case 200/3407 (153/sec)...
  Case 300/3407 (157/sec)...
  Case 400/3407 (160/sec)...
  Case 500/3407 (163/sec)...
  Case 600/3407 (163/sec)...
  Case 700/3407 (163/sec)...
  Case 800/3407 (163/sec)...
  Case 900/3407 (161/sec)...
  Case 1000/3407 (160/sec)...
  Case 1100/3407 (160/sec)...
  Case 1200/3407 (160/sec)...
  Case 1300/3407 (160/sec)...
  Case 1400/3407 (160/sec)...
  Case 1500/3407 (159/sec)...
  Case 1600/3407 (160/sec)...
  Case 1700/3407 (161/sec)...
  Case 1800/3407 (161/sec)...
  Case 1900/3407 (162/sec)...
  Case 2000/3407 (162/sec)...
  Case 2100/3407 (161/sec)...
  Case 2200/3407 (161/sec)...
  Case 2300/3407 (160/sec)...
  Case 2400/3407 (161/sec)...
  Case 2500/3407 (160/sec)...
  Case 2600/3407 (161/sec)...
  Case 2700/3407 (162/sec)...
  Case 2800/3407 (162/sec)...
  Case 2900/3407 (161/sec)...
  Case 3000/3407 (162/sec)...
  Case 3100/3407 (160/sec)...
  Case 3200/3407 (160/sec)...
  Case 3300/3407 (160/sec)...
  Case 3400/3407 (159/sec)...

k-NN complete in 21.4s
Feature vectors with neighbors: 3407

Phase 4: Building UPSERT statements...
UPSERT statements: 3407

--- Applying 3407 upserts in batches of 100 ---

  Batch 1/35: 100 cases — 92/sec
  Batch 2/35: 100 cases — 79/sec
  Batch 3/35: 100 cases — 82/sec
  Batch 4/35: 100 cases — 82/sec
  Batch 5/35: 100 cases — 84/sec
  Batch 6/35: 100 cases — 83/sec
  Batch 7/35: 100 cases — 84/sec
  Batch 8/35: 100 cases — 85/sec
  Batch 9/35: 100 cases — 85/sec
  Batch 10/35: 100 cases — 85/sec
  Batch 11/35: 100 cases — 85/sec
  Batch 12/35: 100 cases — 85/sec
  Batch 13/35: 100 cases — 86/sec
  Batch 14/35: 100 cases — 86/sec
  Batch 15/35: 100 cases — 85/sec
  Batch 16/35: 100 cases — 86/sec
  Batch 17/35: 100 cases — 86/sec
  Batch 18/35: 100 cases — 86/sec
  Batch 19/35: 100 cases — 86/sec
  Batch 20/35: 100 cases — 86/sec
  Batch 21/35: 100 cases — 86/sec
  Batch 22/35: 100 cases — 86/sec
  Batch 23/35: 100 cases — 86/sec
  Batch 24/35: 100 cases — 86/sec
  Batch 25/35: 100 cases — 86/sec
  Batch 26/35: 100 cases — 86/sec
  Batch 27/35: 100 cases — 86/sec
  Batch 28/35: 100 cases — 86/sec
  Batch 29: SQL 400: {"message":"Failed to run sql query: ERROR:  22P02: invalid input syntax for type json\nLINE 124:   '{\"jurisdiction\":\"CO\",\"court_level\":\"supreme\",\"year_bucket\":\"2000s\",\"party_sid
  Batch 30/35: 100 cases — 83/sec
  Batch 31/35: 100 cases — 83/sec
  Batch 32/35: 100 cases — 83/sec
  Batch 33/35: 100 cases — 83/sec
  Batch 34/35: 100 cases — 83/sec
  Batch 35/35: 7 cases — 81/sec

--- Results ---
Cases applied: 3307  Errors: 1
